{
    "-profile test": {
        "content": [
            {
                "BED2GTF": {
                    "polars": "1.31.0",
                    "python": "3.13.5"
                },
                "COMBINE_SAMPLES": {
                    "python": "3.12.6",
                    "polars": "1.8.2",
                    "upsetplot": "0.9.0",
                    "matplotlib": "3.9.2"
                },
                "COMBINE_TOOLS_PER_SAMPLE": {
                    "python": "3.12.6",
                    "polars": "1.8.2",
                    "upsetplot": "0.9.0",
                    "matplotlib": "3.9.2"
                },
                "GTFFILTER": {
                    "python": "3.9.5"
                },
                "INDEX": {
                    "psirc-quant": 1.0
                },
                "INVESTIGATE_SHIFTS": {
                    "altair": "5.5.0",
                    "polars": "1.31.0",
                    "python": "3.13.5"
                },
                "MAJORITY_VOTE": {
                    "polars": "1.5.0",
                    "python": "3.12.5"
                },
                "MERGE_EXPERIMENTS": {
                    "bioconductor-summarizedexperiment": "1.32.0"
                },
                "MIRANDA": {
                    "miranda": "3.3a"
                },
                "MIRNA_TARGETS": {
                    "awk": null,
                    "bedtools": "2.30.0"
                },
                "QUANT": {
                    "psirc-quant": 1.0
                },
                "SEQKIT_SPLIT": {
                    "seqkit": "2.8.0"
                },
                "SJDB": {
                    "mawk": "1.3.4"
                },
                "SPLIT_TYPES_COUNTS": {
                    "gawk": "5.1.0"
                },
                "SPLIT_TYPES_TPM": {
                    "gawk": "5.1.0"
                },
                "TARGETSCAN": {
                    "awk": null,
                    "targetscan": 7.0
                },
                "TXIMETA_TXIMETA": {
                    "bioconductor-tximeta": "1.20.1"
                },
                "Workflow": {
                    "nf-core/circrna": "v0.0.1dev"
                }
            },
            [
                "1_references",
                "1_references/genome",
                "1_references/genome/chromosomes",
                "1_references/genome/chromosomes/fasta",
                "1_references/genome/chromosomes/fasta/chrI.fa",
                "1_references/genome/filtered_gtf",
                "1_references/genome/filtered_gtf/gtf.filtered.gtf",
                "1_references/genome/genepred",
                "1_references/genome/genepred/gtf.genepred",
                "1_references/index",
                "1_references/index/fasta",
                "1_references/index/fasta/chrI.fa.fai",
                "1_references/index/gtf.circexplorer2.txt",
                "1_references/index/psirc_quant",
                "1_references/index/psirc_quant/psirc.index",
                "1_references/index/star",
                "1_references/index/star/Genome",
                "1_references/index/star/Log.out",
                "1_references/index/star/SA",
                "1_references/index/star/SAindex",
                "1_references/index/star/chrLength.txt",
                "1_references/index/star/chrName.txt",
                "1_references/index/star/chrNameLength.txt",
                "1_references/index/star/chrStart.txt",
                "1_references/index/star/exonGeTrInfo.tab",
                "1_references/index/star/exonInfo.tab",
                "1_references/index/star/geneInfo.tab",
                "1_references/index/star/genomeParameters.txt",
                "1_references/index/star/sjdbInfo.txt",
                "1_references/index/star/sjdbList.fromGTF.out.tab",
                "1_references/index/star/sjdbList.out.tab",
                "1_references/index/star/transcriptInfo.tab",
                "2_quality_control",
                "2_quality_control/fastqc",
                "2_quality_control/fastqc/cel_N2_1_1_fastqc.html",
                "2_quality_control/fastqc/cel_N2_1_1_fastqc.zip",
                "2_quality_control/fastqc/cel_N2_1_2_fastqc.html",
                "2_quality_control/fastqc/cel_N2_1_2_fastqc.zip",
                "2_quality_control/fastqc/cel_N2_2_1_fastqc.html",
                "2_quality_control/fastqc/cel_N2_2_1_fastqc.zip",
                "2_quality_control/fastqc/cel_N2_2_2_fastqc.html",
                "2_quality_control/fastqc/cel_N2_2_2_fastqc.zip",
                "2_quality_control/fastqc/cel_N2_3_1_fastqc.html",
                "2_quality_control/fastqc/cel_N2_3_1_fastqc.zip",
                "2_quality_control/fastqc/cel_N2_3_2_fastqc.html",
                "2_quality_control/fastqc/cel_N2_3_2_fastqc.zip",
                "2_quality_control/fastqc/fust1_1_1_fastqc.html",
                "2_quality_control/fastqc/fust1_1_1_fastqc.zip",
                "2_quality_control/fastqc/fust1_1_2_fastqc.html",
                "2_quality_control/fastqc/fust1_1_2_fastqc.zip",
                "2_quality_control/fastqc/fust1_2_1_fastqc.html",
                "2_quality_control/fastqc/fust1_2_1_fastqc.zip",
                "2_quality_control/fastqc/fust1_2_2_fastqc.html",
                "2_quality_control/fastqc/fust1_2_2_fastqc.zip",
                "2_quality_control/fastqc/fust1_3_1_fastqc.html",
                "2_quality_control/fastqc/fust1_3_1_fastqc.zip",
                "2_quality_control/fastqc/fust1_3_2_fastqc.html",
                "2_quality_control/fastqc/fust1_3_2_fastqc.zip",
                "2_quality_control/trimgalore",
                "2_quality_control/trimgalore/cel_N2_1_1.fastq.gz_trimming_report.txt",
                "2_quality_control/trimgalore/cel_N2_1_2.fastq.gz_trimming_report.txt",
                "2_quality_control/trimgalore/cel_N2_2_1.fastq.gz_trimming_report.txt",
                "2_quality_control/trimgalore/cel_N2_2_2.fastq.gz_trimming_report.txt",
                "2_quality_control/trimgalore/cel_N2_3_1.fastq.gz_trimming_report.txt",
                "2_quality_control/trimgalore/cel_N2_3_2.fastq.gz_trimming_report.txt",
                "2_quality_control/trimgalore/fust1_1_1.fastq.gz_trimming_report.txt",
                "2_quality_control/trimgalore/fust1_1_2.fastq.gz_trimming_report.txt",
                "2_quality_control/trimgalore/fust1_2_1.fastq.gz_trimming_report.txt",
                "2_quality_control/trimgalore/fust1_2_2.fastq.gz_trimming_report.txt",
                "2_quality_control/trimgalore/fust1_3_1.fastq.gz_trimming_report.txt",
                "2_quality_control/trimgalore/fust1_3_2.fastq.gz_trimming_report.txt",
                "3_bsj_detection",
                "3_bsj_detection/combined",
                "3_bsj_detection/combined/all.annotated.gtf",
                "3_bsj_detection/combined/all.combined.bed",
                "3_bsj_detection/combined/all.fa",
                "3_bsj_detection/combined/all_samples.upset.png",
                "3_bsj_detection/combined/all_samples.upset_mqc.json",
                "3_bsj_detection/combined/n_samples.png",
                "3_bsj_detection/combined/n_tools.png",
                "3_bsj_detection/samples",
                "3_bsj_detection/samples/cel_N2_1",
                "3_bsj_detection/samples/cel_N2_1/cel_N2_1.annotated.bed12",
                "3_bsj_detection/samples/cel_N2_1/cel_N2_1.annotated.gtf",
                "3_bsj_detection/samples/cel_N2_1/cel_N2_1.combined.bed",
                "3_bsj_detection/samples/cel_N2_1/cel_N2_1.fa",
                "3_bsj_detection/samples/cel_N2_2",
                "3_bsj_detection/samples/cel_N2_2/cel_N2_2.annotated.bed12",
                "3_bsj_detection/samples/cel_N2_2/cel_N2_2.annotated.gtf",
                "3_bsj_detection/samples/cel_N2_2/cel_N2_2.combined.bed",
                "3_bsj_detection/samples/cel_N2_2/cel_N2_2.fa",
                "3_bsj_detection/samples/cel_N2_3",
                "3_bsj_detection/samples/cel_N2_3/cel_N2_3.annotated.bed12",
                "3_bsj_detection/samples/cel_N2_3/cel_N2_3.annotated.gtf",
                "3_bsj_detection/samples/cel_N2_3/cel_N2_3.combined.bed",
                "3_bsj_detection/samples/cel_N2_3/cel_N2_3.fa",
                "3_bsj_detection/samples/fust1_1",
                "3_bsj_detection/samples/fust1_1/fust1_1.annotated.bed12",
                "3_bsj_detection/samples/fust1_1/fust1_1.annotated.gtf",
                "3_bsj_detection/samples/fust1_1/fust1_1.combined.bed",
                "3_bsj_detection/samples/fust1_1/fust1_1.fa",
                "3_bsj_detection/samples/fust1_2",
                "3_bsj_detection/samples/fust1_2/fust1_2.annotated.bed12",
                "3_bsj_detection/samples/fust1_2/fust1_2.annotated.gtf",
                "3_bsj_detection/samples/fust1_2/fust1_2.combined.bed",
                "3_bsj_detection/samples/fust1_2/fust1_2.fa",
                "3_bsj_detection/samples/fust1_3",
                "3_bsj_detection/samples/fust1_3/fust1_3.annotated.bed12",
                "3_bsj_detection/samples/fust1_3/fust1_3.annotated.gtf",
                "3_bsj_detection/samples/fust1_3/fust1_3.combined.bed",
                "3_bsj_detection/samples/fust1_3/fust1_3.fa",
                "3_bsj_detection/tools",
                "3_bsj_detection/tools/circexplorer2",
                "3_bsj_detection/tools/circexplorer2/annotated",
                "3_bsj_detection/tools/circexplorer2/annotated/cel_N2_1.annotated.bed12",
                "3_bsj_detection/tools/circexplorer2/annotated/cel_N2_1.annotated.gtf",
                "3_bsj_detection/tools/circexplorer2/annotated/cel_N2_2.annotated.bed12",
                "3_bsj_detection/tools/circexplorer2/annotated/cel_N2_2.annotated.gtf",
                "3_bsj_detection/tools/circexplorer2/annotated/cel_N2_3.annotated.bed12",
                "3_bsj_detection/tools/circexplorer2/annotated/cel_N2_3.annotated.gtf",
                "3_bsj_detection/tools/circexplorer2/annotated/fust1_1.annotated.bed12",
                "3_bsj_detection/tools/circexplorer2/annotated/fust1_1.annotated.gtf",
                "3_bsj_detection/tools/circexplorer2/annotated/fust1_2.annotated.bed12",
                "3_bsj_detection/tools/circexplorer2/annotated/fust1_2.annotated.gtf",
                "3_bsj_detection/tools/circexplorer2/annotated/fust1_3.annotated.bed12",
                "3_bsj_detection/tools/circexplorer2/annotated/fust1_3.annotated.gtf",
                "3_bsj_detection/tools/circexplorer2/circexplorer2.csv",
                "3_bsj_detection/tools/circexplorer2/fasta",
                "3_bsj_detection/tools/circexplorer2/fasta/cel_N2_1.fa",
                "3_bsj_detection/tools/circexplorer2/fasta/cel_N2_2.fa",
                "3_bsj_detection/tools/circexplorer2/fasta/cel_N2_3.fa",
                "3_bsj_detection/tools/circexplorer2/fasta/fust1_1.fa",
                "3_bsj_detection/tools/circexplorer2/fasta/fust1_2.fa",
                "3_bsj_detection/tools/circexplorer2/fasta/fust1_3.fa",
                "3_bsj_detection/tools/circexplorer2/filtered",
                "3_bsj_detection/tools/circexplorer2/filtered/cel_N2_1.circexplorer2.filtered.bed",
                "3_bsj_detection/tools/circexplorer2/filtered/cel_N2_2.circexplorer2.filtered.bed",
                "3_bsj_detection/tools/circexplorer2/filtered/cel_N2_3.circexplorer2.filtered.bed",
                "3_bsj_detection/tools/circexplorer2/filtered/fust1_1.circexplorer2.filtered.bed",
                "3_bsj_detection/tools/circexplorer2/filtered/fust1_2.circexplorer2.filtered.bed",
                "3_bsj_detection/tools/circexplorer2/filtered/fust1_3.circexplorer2.filtered.bed",
                "3_bsj_detection/tools/circexplorer2/meta",
                "3_bsj_detection/tools/circexplorer2/meta/cel_N2_1_circexplorer2.meta.bed",
                "3_bsj_detection/tools/circexplorer2/meta/cel_N2_2_circexplorer2.meta.bed",
                "3_bsj_detection/tools/circexplorer2/meta/cel_N2_3_circexplorer2.meta.bed",
                "3_bsj_detection/tools/circexplorer2/meta/fust1_1_circexplorer2.meta.bed",
                "3_bsj_detection/tools/circexplorer2/meta/fust1_2_circexplorer2.meta.bed",
                "3_bsj_detection/tools/circexplorer2/meta/fust1_3_circexplorer2.meta.bed",
                "3_bsj_detection/tools/circexplorer2/unified",
                "3_bsj_detection/tools/circexplorer2/unified/cel_N2_1.circexplorer2.bed",
                "3_bsj_detection/tools/circexplorer2/unified/cel_N2_2.circexplorer2.bed",
                "3_bsj_detection/tools/circexplorer2/unified/cel_N2_3.circexplorer2.bed",
                "3_bsj_detection/tools/circexplorer2/unified/fust1_1.circexplorer2.bed",
                "3_bsj_detection/tools/circexplorer2/unified/fust1_2.circexplorer2.bed",
                "3_bsj_detection/tools/circexplorer2/unified/fust1_3.circexplorer2.bed",
                "5_quantification",
                "5_quantification/aggregations",
                "5_quantification/aggregations/max.tsv",
                "5_quantification/aggregations/sum.tsv",
                "5_quantification/psirc",
                "5_quantification/psirc/combined",
                "5_quantification/psirc/combined/circular.tsv",
                "5_quantification/psirc/combined/experiments.merged.rds",
                "5_quantification/psirc/combined/gene_counts.csv",
                "5_quantification/psirc/combined/gene_tpm.csv",
                "5_quantification/psirc/combined/linear.tsv",
                "5_quantification/psirc/combined/tx_counts.csv",
                "5_quantification/psirc/combined/tx_tpm.csv",
                "5_quantification/psirc/samples",
                "5_quantification/psirc/samples/cel_N2_1",
                "5_quantification/psirc/samples/cel_N2_1/psirc",
                "5_quantification/psirc/samples/cel_N2_1/psirc/cel_N2_1",
                "5_quantification/psirc/samples/cel_N2_1/psirc/cel_N2_1/abundance.h5",
                "5_quantification/psirc/samples/cel_N2_1/psirc/cel_N2_1/abundance.tsv",
                "5_quantification/psirc/samples/cel_N2_1/psirc/cel_N2_1/pseudoalignments.bam",
                "5_quantification/psirc/samples/cel_N2_1/psirc/cel_N2_1/pseudoalignments.bam.bai",
                "5_quantification/psirc/samples/cel_N2_1/psirc/cel_N2_1/run_info.json",
                "5_quantification/psirc/samples/cel_N2_1/tximeta",
                "5_quantification/psirc/samples/cel_N2_1/tximeta/cel_N2_1.rds",
                "5_quantification/psirc/samples/cel_N2_1/tximport",
                "5_quantification/psirc/samples/cel_N2_1/tximport/cel_N2_1.gene_counts.tsv",
                "5_quantification/psirc/samples/cel_N2_1/tximport/cel_N2_1.gene_counts_length_scaled.tsv",
                "5_quantification/psirc/samples/cel_N2_1/tximport/cel_N2_1.gene_counts_scaled.tsv",
                "5_quantification/psirc/samples/cel_N2_1/tximport/cel_N2_1.gene_lengths.tsv",
                "5_quantification/psirc/samples/cel_N2_1/tximport/cel_N2_1.gene_tpm.tsv",
                "5_quantification/psirc/samples/cel_N2_1/tximport/cel_N2_1.transcript_counts.tsv",
                "5_quantification/psirc/samples/cel_N2_1/tximport/cel_N2_1.transcript_lengths.tsv",
                "5_quantification/psirc/samples/cel_N2_1/tximport/cel_N2_1.transcript_tpm.tsv",
                "5_quantification/psirc/samples/cel_N2_2",
                "5_quantification/psirc/samples/cel_N2_2/psirc",
                "5_quantification/psirc/samples/cel_N2_2/psirc/cel_N2_2",
                "5_quantification/psirc/samples/cel_N2_2/psirc/cel_N2_2/abundance.h5",
                "5_quantification/psirc/samples/cel_N2_2/psirc/cel_N2_2/abundance.tsv",
                "5_quantification/psirc/samples/cel_N2_2/psirc/cel_N2_2/pseudoalignments.bam",
                "5_quantification/psirc/samples/cel_N2_2/psirc/cel_N2_2/pseudoalignments.bam.bai",
                "5_quantification/psirc/samples/cel_N2_2/psirc/cel_N2_2/run_info.json",
                "5_quantification/psirc/samples/cel_N2_2/tximeta",
                "5_quantification/psirc/samples/cel_N2_2/tximeta/cel_N2_2.rds",
                "5_quantification/psirc/samples/cel_N2_2/tximport",
                "5_quantification/psirc/samples/cel_N2_2/tximport/cel_N2_2.gene_counts.tsv",
                "5_quantification/psirc/samples/cel_N2_2/tximport/cel_N2_2.gene_counts_length_scaled.tsv",
                "5_quantification/psirc/samples/cel_N2_2/tximport/cel_N2_2.gene_counts_scaled.tsv",
                "5_quantification/psirc/samples/cel_N2_2/tximport/cel_N2_2.gene_lengths.tsv",
                "5_quantification/psirc/samples/cel_N2_2/tximport/cel_N2_2.gene_tpm.tsv",
                "5_quantification/psirc/samples/cel_N2_2/tximport/cel_N2_2.transcript_counts.tsv",
                "5_quantification/psirc/samples/cel_N2_2/tximport/cel_N2_2.transcript_lengths.tsv",
                "5_quantification/psirc/samples/cel_N2_2/tximport/cel_N2_2.transcript_tpm.tsv",
                "5_quantification/psirc/samples/cel_N2_3",
                "5_quantification/psirc/samples/cel_N2_3/psirc",
                "5_quantification/psirc/samples/cel_N2_3/psirc/cel_N2_3",
                "5_quantification/psirc/samples/cel_N2_3/psirc/cel_N2_3/abundance.h5",
                "5_quantification/psirc/samples/cel_N2_3/psirc/cel_N2_3/abundance.tsv",
                "5_quantification/psirc/samples/cel_N2_3/psirc/cel_N2_3/pseudoalignments.bam",
                "5_quantification/psirc/samples/cel_N2_3/psirc/cel_N2_3/pseudoalignments.bam.bai",
                "5_quantification/psirc/samples/cel_N2_3/psirc/cel_N2_3/run_info.json",
                "5_quantification/psirc/samples/cel_N2_3/tximeta",
                "5_quantification/psirc/samples/cel_N2_3/tximeta/cel_N2_3.rds",
                "5_quantification/psirc/samples/cel_N2_3/tximport",
                "5_quantification/psirc/samples/cel_N2_3/tximport/cel_N2_3.gene_counts.tsv",
                "5_quantification/psirc/samples/cel_N2_3/tximport/cel_N2_3.gene_counts_length_scaled.tsv",
                "5_quantification/psirc/samples/cel_N2_3/tximport/cel_N2_3.gene_counts_scaled.tsv",
                "5_quantification/psirc/samples/cel_N2_3/tximport/cel_N2_3.gene_lengths.tsv",
                "5_quantification/psirc/samples/cel_N2_3/tximport/cel_N2_3.gene_tpm.tsv",
                "5_quantification/psirc/samples/cel_N2_3/tximport/cel_N2_3.transcript_counts.tsv",
                "5_quantification/psirc/samples/cel_N2_3/tximport/cel_N2_3.transcript_lengths.tsv",
                "5_quantification/psirc/samples/cel_N2_3/tximport/cel_N2_3.transcript_tpm.tsv",
                "5_quantification/psirc/samples/fust1_1",
                "5_quantification/psirc/samples/fust1_1/psirc",
                "5_quantification/psirc/samples/fust1_1/psirc/fust1_1",
                "5_quantification/psirc/samples/fust1_1/psirc/fust1_1/abundance.h5",
                "5_quantification/psirc/samples/fust1_1/psirc/fust1_1/abundance.tsv",
                "5_quantification/psirc/samples/fust1_1/psirc/fust1_1/pseudoalignments.bam",
                "5_quantification/psirc/samples/fust1_1/psirc/fust1_1/pseudoalignments.bam.bai",
                "5_quantification/psirc/samples/fust1_1/psirc/fust1_1/run_info.json",
                "5_quantification/psirc/samples/fust1_1/tximeta",
                "5_quantification/psirc/samples/fust1_1/tximeta/fust1_1.rds",
                "5_quantification/psirc/samples/fust1_1/tximport",
                "5_quantification/psirc/samples/fust1_1/tximport/fust1_1.gene_counts.tsv",
                "5_quantification/psirc/samples/fust1_1/tximport/fust1_1.gene_counts_length_scaled.tsv",
                "5_quantification/psirc/samples/fust1_1/tximport/fust1_1.gene_counts_scaled.tsv",
                "5_quantification/psirc/samples/fust1_1/tximport/fust1_1.gene_lengths.tsv",
                "5_quantification/psirc/samples/fust1_1/tximport/fust1_1.gene_tpm.tsv",
                "5_quantification/psirc/samples/fust1_1/tximport/fust1_1.transcript_counts.tsv",
                "5_quantification/psirc/samples/fust1_1/tximport/fust1_1.transcript_lengths.tsv",
                "5_quantification/psirc/samples/fust1_1/tximport/fust1_1.transcript_tpm.tsv",
                "5_quantification/psirc/samples/fust1_2",
                "5_quantification/psirc/samples/fust1_2/psirc",
                "5_quantification/psirc/samples/fust1_2/psirc/fust1_2",
                "5_quantification/psirc/samples/fust1_2/psirc/fust1_2/abundance.h5",
                "5_quantification/psirc/samples/fust1_2/psirc/fust1_2/abundance.tsv",
                "5_quantification/psirc/samples/fust1_2/psirc/fust1_2/pseudoalignments.bam",
                "5_quantification/psirc/samples/fust1_2/psirc/fust1_2/pseudoalignments.bam.bai",
                "5_quantification/psirc/samples/fust1_2/psirc/fust1_2/run_info.json",
                "5_quantification/psirc/samples/fust1_2/tximeta",
                "5_quantification/psirc/samples/fust1_2/tximeta/fust1_2.rds",
                "5_quantification/psirc/samples/fust1_2/tximport",
                "5_quantification/psirc/samples/fust1_2/tximport/fust1_2.gene_counts.tsv",
                "5_quantification/psirc/samples/fust1_2/tximport/fust1_2.gene_counts_length_scaled.tsv",
                "5_quantification/psirc/samples/fust1_2/tximport/fust1_2.gene_counts_scaled.tsv",
                "5_quantification/psirc/samples/fust1_2/tximport/fust1_2.gene_lengths.tsv",
                "5_quantification/psirc/samples/fust1_2/tximport/fust1_2.gene_tpm.tsv",
                "5_quantification/psirc/samples/fust1_2/tximport/fust1_2.transcript_counts.tsv",
                "5_quantification/psirc/samples/fust1_2/tximport/fust1_2.transcript_lengths.tsv",
                "5_quantification/psirc/samples/fust1_2/tximport/fust1_2.transcript_tpm.tsv",
                "5_quantification/psirc/samples/fust1_3",
                "5_quantification/psirc/samples/fust1_3/psirc",
                "5_quantification/psirc/samples/fust1_3/psirc/fust1_3",
                "5_quantification/psirc/samples/fust1_3/psirc/fust1_3/abundance.h5",
                "5_quantification/psirc/samples/fust1_3/psirc/fust1_3/abundance.tsv",
                "5_quantification/psirc/samples/fust1_3/psirc/fust1_3/pseudoalignments.bam",
                "5_quantification/psirc/samples/fust1_3/psirc/fust1_3/pseudoalignments.bam.bai",
                "5_quantification/psirc/samples/fust1_3/psirc/fust1_3/run_info.json",
                "5_quantification/psirc/samples/fust1_3/tximeta",
                "5_quantification/psirc/samples/fust1_3/tximeta/fust1_3.rds",
                "5_quantification/psirc/samples/fust1_3/tximport",
                "5_quantification/psirc/samples/fust1_3/tximport/fust1_3.gene_counts.tsv",
                "5_quantification/psirc/samples/fust1_3/tximport/fust1_3.gene_counts_length_scaled.tsv",
                "5_quantification/psirc/samples/fust1_3/tximport/fust1_3.gene_counts_scaled.tsv",
                "5_quantification/psirc/samples/fust1_3/tximport/fust1_3.gene_lengths.tsv",
                "5_quantification/psirc/samples/fust1_3/tximport/fust1_3.gene_tpm.tsv",
                "5_quantification/psirc/samples/fust1_3/tximport/fust1_3.transcript_counts.tsv",
                "5_quantification/psirc/samples/fust1_3/tximport/fust1_3.transcript_lengths.tsv",
                "5_quantification/psirc/samples/fust1_3/tximport/fust1_3.transcript_tpm.tsv",
                "5_quantification/psirc/transcriptome",
                "5_quantification/psirc/transcriptome/transcriptome.combined.gtf",
                "5_quantification/psirc/transcriptome/transcriptome.fasta",
                "5_quantification/psirc/transcriptome/transcriptome.filtered.gtf",
                "5_quantification/psirc/transcriptome/transcriptome.tx2gene.tsv",
                "6_mirna_prediction",
                "6_mirna_prediction/binding_sites",
                "6_mirna_prediction/binding_sites/majority_vote",
                "6_mirna_prediction/binding_sites/majority_vote/mirna.majority.tsv",
                "6_mirna_prediction/binding_sites/majority_vote/mirna.targets.tsv",
                "6_mirna_prediction/binding_sites/targets",
                "6_mirna_prediction/binding_sites/targets/batch_1.mirna_targets.txt",
                "6_mirna_prediction/binding_sites/targets/batch_10.mirna_targets.txt",
                "6_mirna_prediction/binding_sites/targets/batch_11.mirna_targets.txt",
                "6_mirna_prediction/binding_sites/targets/batch_12.mirna_targets.txt",
                "6_mirna_prediction/binding_sites/targets/batch_13.mirna_targets.txt",
                "6_mirna_prediction/binding_sites/targets/batch_14.mirna_targets.txt",
                "6_mirna_prediction/binding_sites/targets/batch_15.mirna_targets.txt",
                "6_mirna_prediction/binding_sites/targets/batch_16.mirna_targets.txt",
                "6_mirna_prediction/binding_sites/targets/batch_17.mirna_targets.txt",
                "6_mirna_prediction/binding_sites/targets/batch_18.mirna_targets.txt",
                "6_mirna_prediction/binding_sites/targets/batch_19.mirna_targets.txt",
                "6_mirna_prediction/binding_sites/targets/batch_2.mirna_targets.txt",
                "6_mirna_prediction/binding_sites/targets/batch_20.mirna_targets.txt",
                "6_mirna_prediction/binding_sites/targets/batch_21.mirna_targets.txt",
                "6_mirna_prediction/binding_sites/targets/batch_22.mirna_targets.txt",
                "6_mirna_prediction/binding_sites/targets/batch_23.mirna_targets.txt",
                "6_mirna_prediction/binding_sites/targets/batch_24.mirna_targets.txt",
                "6_mirna_prediction/binding_sites/targets/batch_25.mirna_targets.txt",
                "6_mirna_prediction/binding_sites/targets/batch_26.mirna_targets.txt",
                "6_mirna_prediction/binding_sites/targets/batch_27.mirna_targets.txt",
                "6_mirna_prediction/binding_sites/targets/batch_28.mirna_targets.txt",
                "6_mirna_prediction/binding_sites/targets/batch_29.mirna_targets.txt",
                "6_mirna_prediction/binding_sites/targets/batch_3.mirna_targets.txt",
                "6_mirna_prediction/binding_sites/targets/batch_30.mirna_targets.txt",
                "6_mirna_prediction/binding_sites/targets/batch_31.mirna_targets.txt",
                "6_mirna_prediction/binding_sites/targets/batch_32.mirna_targets.txt",
                "6_mirna_prediction/binding_sites/targets/batch_33.mirna_targets.txt",
                "6_mirna_prediction/binding_sites/targets/batch_34.mirna_targets.txt",
                "6_mirna_prediction/binding_sites/targets/batch_35.mirna_targets.txt",
                "6_mirna_prediction/binding_sites/targets/batch_36.mirna_targets.txt",
                "6_mirna_prediction/binding_sites/targets/batch_37.mirna_targets.txt",
                "6_mirna_prediction/binding_sites/targets/batch_38.mirna_targets.txt",
                "6_mirna_prediction/binding_sites/targets/batch_39.mirna_targets.txt",
                "6_mirna_prediction/binding_sites/targets/batch_4.mirna_targets.txt",
                "6_mirna_prediction/binding_sites/targets/batch_40.mirna_targets.txt",
                "6_mirna_prediction/binding_sites/targets/batch_41.mirna_targets.txt",
                "6_mirna_prediction/binding_sites/targets/batch_42.mirna_targets.txt",
                "6_mirna_prediction/binding_sites/targets/batch_43.mirna_targets.txt",
                "6_mirna_prediction/binding_sites/targets/batch_44.mirna_targets.txt",
                "6_mirna_prediction/binding_sites/targets/batch_45.mirna_targets.txt",
                "6_mirna_prediction/binding_sites/targets/batch_46.mirna_targets.txt",
                "6_mirna_prediction/binding_sites/targets/batch_47.mirna_targets.txt",
                "6_mirna_prediction/binding_sites/targets/batch_48.mirna_targets.txt",
                "6_mirna_prediction/binding_sites/targets/batch_49.mirna_targets.txt",
                "6_mirna_prediction/binding_sites/targets/batch_5.mirna_targets.txt",
                "6_mirna_prediction/binding_sites/targets/batch_50.mirna_targets.txt",
                "6_mirna_prediction/binding_sites/targets/batch_51.mirna_targets.txt",
                "6_mirna_prediction/binding_sites/targets/batch_52.mirna_targets.txt",
                "6_mirna_prediction/binding_sites/targets/batch_53.mirna_targets.txt",
                "6_mirna_prediction/binding_sites/targets/batch_6.mirna_targets.txt",
                "6_mirna_prediction/binding_sites/targets/batch_7.mirna_targets.txt",
                "6_mirna_prediction/binding_sites/targets/batch_8.mirna_targets.txt",
                "6_mirna_prediction/binding_sites/targets/batch_9.mirna_targets.txt",
                "6_mirna_prediction/binding_sites/tools",
                "6_mirna_prediction/binding_sites/tools/miranda",
                "6_mirna_prediction/binding_sites/tools/miranda/output/batch_1.miranda.txt",
                "6_mirna_prediction/binding_sites/tools/miranda/output/batch_10.miranda.txt",
                "6_mirna_prediction/binding_sites/tools/miranda/output/batch_11.miranda.txt",
                "6_mirna_prediction/binding_sites/tools/miranda/output/batch_12.miranda.txt",
                "6_mirna_prediction/binding_sites/tools/miranda/output/batch_13.miranda.txt",
                "6_mirna_prediction/binding_sites/tools/miranda/output/batch_14.miranda.txt",
                "6_mirna_prediction/binding_sites/tools/miranda/output/batch_15.miranda.txt",
                "6_mirna_prediction/binding_sites/tools/miranda/output/batch_16.miranda.txt",
                "6_mirna_prediction/binding_sites/tools/miranda/output/batch_17.miranda.txt",
                "6_mirna_prediction/binding_sites/tools/miranda/output/batch_18.miranda.txt",
                "6_mirna_prediction/binding_sites/tools/miranda/output/batch_19.miranda.txt",
                "6_mirna_prediction/binding_sites/tools/miranda/output/batch_2.miranda.txt",
                "6_mirna_prediction/binding_sites/tools/miranda/output/batch_20.miranda.txt",
                "6_mirna_prediction/binding_sites/tools/miranda/output/batch_21.miranda.txt",
                "6_mirna_prediction/binding_sites/tools/miranda/output/batch_22.miranda.txt",
                "6_mirna_prediction/binding_sites/tools/miranda/output/batch_23.miranda.txt",
                "6_mirna_prediction/binding_sites/tools/miranda/output/batch_24.miranda.txt",
                "6_mirna_prediction/binding_sites/tools/miranda/output/batch_25.miranda.txt",
                "6_mirna_prediction/binding_sites/tools/miranda/output/batch_26.miranda.txt",
                "6_mirna_prediction/binding_sites/tools/miranda/output/batch_27.miranda.txt",
                "6_mirna_prediction/binding_sites/tools/miranda/output/batch_28.miranda.txt",
                "6_mirna_prediction/binding_sites/tools/miranda/output/batch_29.miranda.txt",
                "6_mirna_prediction/binding_sites/tools/miranda/output/batch_3.miranda.txt",
                "6_mirna_prediction/binding_sites/tools/miranda/output/batch_30.miranda.txt",
                "6_mirna_prediction/binding_sites/tools/miranda/output/batch_31.miranda.txt",
                "6_mirna_prediction/binding_sites/tools/miranda/output/batch_32.miranda.txt",
                "6_mirna_prediction/binding_sites/tools/miranda/output/batch_33.miranda.txt",
                "6_mirna_prediction/binding_sites/tools/miranda/output/batch_34.miranda.txt",
                "6_mirna_prediction/binding_sites/tools/miranda/output/batch_35.miranda.txt",
                "6_mirna_prediction/binding_sites/tools/miranda/output/batch_36.miranda.txt",
                "6_mirna_prediction/binding_sites/tools/miranda/output/batch_37.miranda.txt",
                "6_mirna_prediction/binding_sites/tools/miranda/output/batch_38.miranda.txt",
                "6_mirna_prediction/binding_sites/tools/miranda/output/batch_39.miranda.txt",
                "6_mirna_prediction/binding_sites/tools/miranda/output/batch_4.miranda.txt",
                "6_mirna_prediction/binding_sites/tools/miranda/output/batch_40.miranda.txt",
                "6_mirna_prediction/binding_sites/tools/miranda/output/batch_41.miranda.txt",
                "6_mirna_prediction/binding_sites/tools/miranda/output/batch_42.miranda.txt",
                "6_mirna_prediction/binding_sites/tools/miranda/output/batch_43.miranda.txt",
                "6_mirna_prediction/binding_sites/tools/miranda/output/batch_44.miranda.txt",
                "6_mirna_prediction/binding_sites/tools/miranda/output/batch_45.miranda.txt",
                "6_mirna_prediction/binding_sites/tools/miranda/output/batch_46.miranda.txt",
                "6_mirna_prediction/binding_sites/tools/miranda/output/batch_47.miranda.txt",
                "6_mirna_prediction/binding_sites/tools/miranda/output/batch_48.miranda.txt",
                "6_mirna_prediction/binding_sites/tools/miranda/output/batch_49.miranda.txt",
                "6_mirna_prediction/binding_sites/tools/miranda/output/batch_5.miranda.txt",
                "6_mirna_prediction/binding_sites/tools/miranda/output/batch_50.miranda.txt",
                "6_mirna_prediction/binding_sites/tools/miranda/output/batch_51.miranda.txt",
                "6_mirna_prediction/binding_sites/tools/miranda/output/batch_52.miranda.txt",
                "6_mirna_prediction/binding_sites/tools/miranda/output/batch_53.miranda.txt",
                "6_mirna_prediction/binding_sites/tools/miranda/output/batch_6.miranda.txt",
                "6_mirna_prediction/binding_sites/tools/miranda/output/batch_7.miranda.txt",
                "6_mirna_prediction/binding_sites/tools/miranda/output/batch_8.miranda.txt",
                "6_mirna_prediction/binding_sites/tools/miranda/output/batch_9.miranda.txt",
                "6_mirna_prediction/binding_sites/tools/miranda/unified",
                "6_mirna_prediction/binding_sites/tools/miranda/unified/batch_1.miranda.tsv",
                "6_mirna_prediction/binding_sites/tools/miranda/unified/batch_10.miranda.tsv",
                "6_mirna_prediction/binding_sites/tools/miranda/unified/batch_11.miranda.tsv",
                "6_mirna_prediction/binding_sites/tools/miranda/unified/batch_12.miranda.tsv",
                "6_mirna_prediction/binding_sites/tools/miranda/unified/batch_13.miranda.tsv",
                "6_mirna_prediction/binding_sites/tools/miranda/unified/batch_14.miranda.tsv",
                "6_mirna_prediction/binding_sites/tools/miranda/unified/batch_15.miranda.tsv",
                "6_mirna_prediction/binding_sites/tools/miranda/unified/batch_16.miranda.tsv",
                "6_mirna_prediction/binding_sites/tools/miranda/unified/batch_17.miranda.tsv",
                "6_mirna_prediction/binding_sites/tools/miranda/unified/batch_18.miranda.tsv",
                "6_mirna_prediction/binding_sites/tools/miranda/unified/batch_19.miranda.tsv",
                "6_mirna_prediction/binding_sites/tools/miranda/unified/batch_2.miranda.tsv",
                "6_mirna_prediction/binding_sites/tools/miranda/unified/batch_20.miranda.tsv",
                "6_mirna_prediction/binding_sites/tools/miranda/unified/batch_21.miranda.tsv",
                "6_mirna_prediction/binding_sites/tools/miranda/unified/batch_22.miranda.tsv",
                "6_mirna_prediction/binding_sites/tools/miranda/unified/batch_23.miranda.tsv",
                "6_mirna_prediction/binding_sites/tools/miranda/unified/batch_24.miranda.tsv",
                "6_mirna_prediction/binding_sites/tools/miranda/unified/batch_25.miranda.tsv",
                "6_mirna_prediction/binding_sites/tools/miranda/unified/batch_26.miranda.tsv",
                "6_mirna_prediction/binding_sites/tools/miranda/unified/batch_27.miranda.tsv",
                "6_mirna_prediction/binding_sites/tools/miranda/unified/batch_28.miranda.tsv",
                "6_mirna_prediction/binding_sites/tools/miranda/unified/batch_29.miranda.tsv",
                "6_mirna_prediction/binding_sites/tools/miranda/unified/batch_3.miranda.tsv",
                "6_mirna_prediction/binding_sites/tools/miranda/unified/batch_30.miranda.tsv",
                "6_mirna_prediction/binding_sites/tools/miranda/unified/batch_31.miranda.tsv",
                "6_mirna_prediction/binding_sites/tools/miranda/unified/batch_32.miranda.tsv",
                "6_mirna_prediction/binding_sites/tools/miranda/unified/batch_33.miranda.tsv",
                "6_mirna_prediction/binding_sites/tools/miranda/unified/batch_34.miranda.tsv",
                "6_mirna_prediction/binding_sites/tools/miranda/unified/batch_35.miranda.tsv",
                "6_mirna_prediction/binding_sites/tools/miranda/unified/batch_36.miranda.tsv",
                "6_mirna_prediction/binding_sites/tools/miranda/unified/batch_37.miranda.tsv",
                "6_mirna_prediction/binding_sites/tools/miranda/unified/batch_38.miranda.tsv",
                "6_mirna_prediction/binding_sites/tools/miranda/unified/batch_39.miranda.tsv",
                "6_mirna_prediction/binding_sites/tools/miranda/unified/batch_4.miranda.tsv",
                "6_mirna_prediction/binding_sites/tools/miranda/unified/batch_40.miranda.tsv",
                "6_mirna_prediction/binding_sites/tools/miranda/unified/batch_41.miranda.tsv",
                "6_mirna_prediction/binding_sites/tools/miranda/unified/batch_42.miranda.tsv",
                "6_mirna_prediction/binding_sites/tools/miranda/unified/batch_43.miranda.tsv",
                "6_mirna_prediction/binding_sites/tools/miranda/unified/batch_44.miranda.tsv",
                "6_mirna_prediction/binding_sites/tools/miranda/unified/batch_45.miranda.tsv",
                "6_mirna_prediction/binding_sites/tools/miranda/unified/batch_46.miranda.tsv",
                "6_mirna_prediction/binding_sites/tools/miranda/unified/batch_47.miranda.tsv",
                "6_mirna_prediction/binding_sites/tools/miranda/unified/batch_48.miranda.tsv",
                "6_mirna_prediction/binding_sites/tools/miranda/unified/batch_49.miranda.tsv",
                "6_mirna_prediction/binding_sites/tools/miranda/unified/batch_5.miranda.tsv",
                "6_mirna_prediction/binding_sites/tools/miranda/unified/batch_50.miranda.tsv",
                "6_mirna_prediction/binding_sites/tools/miranda/unified/batch_51.miranda.tsv",
                "6_mirna_prediction/binding_sites/tools/miranda/unified/batch_52.miranda.tsv",
                "6_mirna_prediction/binding_sites/tools/miranda/unified/batch_53.miranda.tsv",
                "6_mirna_prediction/binding_sites/tools/miranda/unified/batch_6.miranda.tsv",
                "6_mirna_prediction/binding_sites/tools/miranda/unified/batch_7.miranda.tsv",
                "6_mirna_prediction/binding_sites/tools/miranda/unified/batch_8.miranda.tsv",
                "6_mirna_prediction/binding_sites/tools/miranda/unified/batch_9.miranda.tsv",
                "6_mirna_prediction/binding_sites/tools/targetscan",
                "6_mirna_prediction/binding_sites/tools/targetscan/output/batch_1.targetscan.txt",
                "6_mirna_prediction/binding_sites/tools/targetscan/output/batch_10.targetscan.txt",
                "6_mirna_prediction/binding_sites/tools/targetscan/output/batch_11.targetscan.txt",
                "6_mirna_prediction/binding_sites/tools/targetscan/output/batch_12.targetscan.txt",
                "6_mirna_prediction/binding_sites/tools/targetscan/output/batch_13.targetscan.txt",
                "6_mirna_prediction/binding_sites/tools/targetscan/output/batch_14.targetscan.txt",
                "6_mirna_prediction/binding_sites/tools/targetscan/output/batch_15.targetscan.txt",
                "6_mirna_prediction/binding_sites/tools/targetscan/output/batch_16.targetscan.txt",
                "6_mirna_prediction/binding_sites/tools/targetscan/output/batch_17.targetscan.txt",
                "6_mirna_prediction/binding_sites/tools/targetscan/output/batch_18.targetscan.txt",
                "6_mirna_prediction/binding_sites/tools/targetscan/output/batch_19.targetscan.txt",
                "6_mirna_prediction/binding_sites/tools/targetscan/output/batch_2.targetscan.txt",
                "6_mirna_prediction/binding_sites/tools/targetscan/output/batch_20.targetscan.txt",
                "6_mirna_prediction/binding_sites/tools/targetscan/output/batch_21.targetscan.txt",
                "6_mirna_prediction/binding_sites/tools/targetscan/output/batch_22.targetscan.txt",
                "6_mirna_prediction/binding_sites/tools/targetscan/output/batch_23.targetscan.txt",
                "6_mirna_prediction/binding_sites/tools/targetscan/output/batch_24.targetscan.txt",
                "6_mirna_prediction/binding_sites/tools/targetscan/output/batch_25.targetscan.txt",
                "6_mirna_prediction/binding_sites/tools/targetscan/output/batch_26.targetscan.txt",
                "6_mirna_prediction/binding_sites/tools/targetscan/output/batch_27.targetscan.txt",
                "6_mirna_prediction/binding_sites/tools/targetscan/output/batch_28.targetscan.txt",
                "6_mirna_prediction/binding_sites/tools/targetscan/output/batch_29.targetscan.txt",
                "6_mirna_prediction/binding_sites/tools/targetscan/output/batch_3.targetscan.txt",
                "6_mirna_prediction/binding_sites/tools/targetscan/output/batch_30.targetscan.txt",
                "6_mirna_prediction/binding_sites/tools/targetscan/output/batch_31.targetscan.txt",
                "6_mirna_prediction/binding_sites/tools/targetscan/output/batch_32.targetscan.txt",
                "6_mirna_prediction/binding_sites/tools/targetscan/output/batch_33.targetscan.txt",
                "6_mirna_prediction/binding_sites/tools/targetscan/output/batch_34.targetscan.txt",
                "6_mirna_prediction/binding_sites/tools/targetscan/output/batch_35.targetscan.txt",
                "6_mirna_prediction/binding_sites/tools/targetscan/output/batch_36.targetscan.txt",
                "6_mirna_prediction/binding_sites/tools/targetscan/output/batch_37.targetscan.txt",
                "6_mirna_prediction/binding_sites/tools/targetscan/output/batch_38.targetscan.txt",
                "6_mirna_prediction/binding_sites/tools/targetscan/output/batch_39.targetscan.txt",
                "6_mirna_prediction/binding_sites/tools/targetscan/output/batch_4.targetscan.txt",
                "6_mirna_prediction/binding_sites/tools/targetscan/output/batch_40.targetscan.txt",
                "6_mirna_prediction/binding_sites/tools/targetscan/output/batch_41.targetscan.txt",
                "6_mirna_prediction/binding_sites/tools/targetscan/output/batch_42.targetscan.txt",
                "6_mirna_prediction/binding_sites/tools/targetscan/output/batch_43.targetscan.txt",
                "6_mirna_prediction/binding_sites/tools/targetscan/output/batch_44.targetscan.txt",
                "6_mirna_prediction/binding_sites/tools/targetscan/output/batch_45.targetscan.txt",
                "6_mirna_prediction/binding_sites/tools/targetscan/output/batch_46.targetscan.txt",
                "6_mirna_prediction/binding_sites/tools/targetscan/output/batch_47.targetscan.txt",
                "6_mirna_prediction/binding_sites/tools/targetscan/output/batch_48.targetscan.txt",
                "6_mirna_prediction/binding_sites/tools/targetscan/output/batch_49.targetscan.txt",
                "6_mirna_prediction/binding_sites/tools/targetscan/output/batch_5.targetscan.txt",
                "6_mirna_prediction/binding_sites/tools/targetscan/output/batch_50.targetscan.txt",
                "6_mirna_prediction/binding_sites/tools/targetscan/output/batch_51.targetscan.txt",
                "6_mirna_prediction/binding_sites/tools/targetscan/output/batch_52.targetscan.txt",
                "6_mirna_prediction/binding_sites/tools/targetscan/output/batch_53.targetscan.txt",
                "6_mirna_prediction/binding_sites/tools/targetscan/output/batch_6.targetscan.txt",
                "6_mirna_prediction/binding_sites/tools/targetscan/output/batch_7.targetscan.txt",
                "6_mirna_prediction/binding_sites/tools/targetscan/output/batch_8.targetscan.txt",
                "6_mirna_prediction/binding_sites/tools/targetscan/output/batch_9.targetscan.txt",
                "6_mirna_prediction/binding_sites/tools/targetscan/unified",
                "6_mirna_prediction/binding_sites/tools/targetscan/unified/batch_1.targetscan.tsv",
                "6_mirna_prediction/binding_sites/tools/targetscan/unified/batch_10.targetscan.tsv",
                "6_mirna_prediction/binding_sites/tools/targetscan/unified/batch_11.targetscan.tsv",
                "6_mirna_prediction/binding_sites/tools/targetscan/unified/batch_12.targetscan.tsv",
                "6_mirna_prediction/binding_sites/tools/targetscan/unified/batch_13.targetscan.tsv",
                "6_mirna_prediction/binding_sites/tools/targetscan/unified/batch_14.targetscan.tsv",
                "6_mirna_prediction/binding_sites/tools/targetscan/unified/batch_15.targetscan.tsv",
                "6_mirna_prediction/binding_sites/tools/targetscan/unified/batch_16.targetscan.tsv",
                "6_mirna_prediction/binding_sites/tools/targetscan/unified/batch_17.targetscan.tsv",
                "6_mirna_prediction/binding_sites/tools/targetscan/unified/batch_18.targetscan.tsv",
                "6_mirna_prediction/binding_sites/tools/targetscan/unified/batch_19.targetscan.tsv",
                "6_mirna_prediction/binding_sites/tools/targetscan/unified/batch_2.targetscan.tsv",
                "6_mirna_prediction/binding_sites/tools/targetscan/unified/batch_20.targetscan.tsv",
                "6_mirna_prediction/binding_sites/tools/targetscan/unified/batch_21.targetscan.tsv",
                "6_mirna_prediction/binding_sites/tools/targetscan/unified/batch_22.targetscan.tsv",
                "6_mirna_prediction/binding_sites/tools/targetscan/unified/batch_23.targetscan.tsv",
                "6_mirna_prediction/binding_sites/tools/targetscan/unified/batch_24.targetscan.tsv",
                "6_mirna_prediction/binding_sites/tools/targetscan/unified/batch_25.targetscan.tsv",
                "6_mirna_prediction/binding_sites/tools/targetscan/unified/batch_26.targetscan.tsv",
                "6_mirna_prediction/binding_sites/tools/targetscan/unified/batch_27.targetscan.tsv",
                "6_mirna_prediction/binding_sites/tools/targetscan/unified/batch_28.targetscan.tsv",
                "6_mirna_prediction/binding_sites/tools/targetscan/unified/batch_29.targetscan.tsv",
                "6_mirna_prediction/binding_sites/tools/targetscan/unified/batch_3.targetscan.tsv",
                "6_mirna_prediction/binding_sites/tools/targetscan/unified/batch_30.targetscan.tsv",
                "6_mirna_prediction/binding_sites/tools/targetscan/unified/batch_31.targetscan.tsv",
                "6_mirna_prediction/binding_sites/tools/targetscan/unified/batch_32.targetscan.tsv",
                "6_mirna_prediction/binding_sites/tools/targetscan/unified/batch_33.targetscan.tsv",
                "6_mirna_prediction/binding_sites/tools/targetscan/unified/batch_34.targetscan.tsv",
                "6_mirna_prediction/binding_sites/tools/targetscan/unified/batch_35.targetscan.tsv",
                "6_mirna_prediction/binding_sites/tools/targetscan/unified/batch_36.targetscan.tsv",
                "6_mirna_prediction/binding_sites/tools/targetscan/unified/batch_37.targetscan.tsv",
                "6_mirna_prediction/binding_sites/tools/targetscan/unified/batch_38.targetscan.tsv",
                "6_mirna_prediction/binding_sites/tools/targetscan/unified/batch_39.targetscan.tsv",
                "6_mirna_prediction/binding_sites/tools/targetscan/unified/batch_4.targetscan.tsv",
                "6_mirna_prediction/binding_sites/tools/targetscan/unified/batch_40.targetscan.tsv",
                "6_mirna_prediction/binding_sites/tools/targetscan/unified/batch_41.targetscan.tsv",
                "6_mirna_prediction/binding_sites/tools/targetscan/unified/batch_42.targetscan.tsv",
                "6_mirna_prediction/binding_sites/tools/targetscan/unified/batch_43.targetscan.tsv",
                "6_mirna_prediction/binding_sites/tools/targetscan/unified/batch_44.targetscan.tsv",
                "6_mirna_prediction/binding_sites/tools/targetscan/unified/batch_45.targetscan.tsv",
                "6_mirna_prediction/binding_sites/tools/targetscan/unified/batch_46.targetscan.tsv",
                "6_mirna_prediction/binding_sites/tools/targetscan/unified/batch_47.targetscan.tsv",
                "6_mirna_prediction/binding_sites/tools/targetscan/unified/batch_48.targetscan.tsv",
                "6_mirna_prediction/binding_sites/tools/targetscan/unified/batch_49.targetscan.tsv",
                "6_mirna_prediction/binding_sites/tools/targetscan/unified/batch_5.targetscan.tsv",
                "6_mirna_prediction/binding_sites/tools/targetscan/unified/batch_50.targetscan.tsv",
                "6_mirna_prediction/binding_sites/tools/targetscan/unified/batch_51.targetscan.tsv",
                "6_mirna_prediction/binding_sites/tools/targetscan/unified/batch_52.targetscan.tsv",
                "6_mirna_prediction/binding_sites/tools/targetscan/unified/batch_53.targetscan.tsv",
                "6_mirna_prediction/binding_sites/tools/targetscan/unified/batch_6.targetscan.tsv",
                "6_mirna_prediction/binding_sites/tools/targetscan/unified/batch_7.targetscan.tsv",
                "6_mirna_prediction/binding_sites/tools/targetscan/unified/batch_8.targetscan.tsv",
                "6_mirna_prediction/binding_sites/tools/targetscan/unified/batch_9.targetscan.tsv",
                "6_mirna_prediction/transcriptome.fa",
                "pipeline_info",
                "pipeline_info/nf_core_circrna_software_mqc_versions.yml"
            ],
            [
                "chrI.fa:md5,951c3e54a268727ff62ebd4954139ec7",
                "gtf.filtered.gtf:md5,3bc7f633fb711ab0c2f3d0f0c06885d4",
                "gtf.genepred:md5,34b21c4ae2c49bec101aafa26cc32100",
                "chrI.fa.fai:md5,77d26f31962c39e6d6e7f0c4aa721584",
                "gtf.circexplorer2.txt:md5,dbef70730dc57adea685f8a0cbe3333a",
                "psirc.index:md5,77472699d8d4c837b36fa20fdf8f17ab",
                "Genome:md5,d72e691e3d205f10032658cb890ce63e",
                "Log.out:md5,d1570278784b3e5c6a47d3c5b188648f",
                "SA:md5,d2af11b742354c5a1705a474e751f37e",
                "SAindex:md5,b71d855996eac6f07bdf1e1cc0899bd9",
                "chrLength.txt:md5,e90b7a48eec9795ac31c6e5be5832470",
                "chrName.txt:md5,8558bfd1e609b408908ac193ccf94f29",
                "chrNameLength.txt:md5,1a446f0bc4c4eced85839b38a46ebd4e",
                "chrStart.txt:md5,2666d35c9f4650da7abb224c904344c5",
                "exonGeTrInfo.tab:md5,64571502520c918e21bc5153f7bc0ed9",
                "exonInfo.tab:md5,d8a4f600a862fdcca32df4907f5c1412",
                "geneInfo.tab:md5,9a397835c4d2e717e1eabcb1fd603ce3",
                "genomeParameters.txt:md5,ae694eb9a8fa029c2bb60a98244d5879",
                "sjdbInfo.txt:md5,55a9fda676904b8b711d07566e0f349c",
                "sjdbList.fromGTF.out.tab:md5,14e3151cc214d0697adadba65b072f3e",
                "sjdbList.out.tab:md5,fd0a82b5e3499b388af3a69e56f2f220",
                "transcriptInfo.tab:md5,d8ad5b3a9aad46cd6e69c5d2920dc818",
                "cel_N2_1_1_fastqc.html:md5,6a97dd6605d9aef8786d546c4c8c37c4",
                "cel_N2_1_1_fastqc.zip:md5,a7a1e33309215b72e7ec4bb8cc5441c3",
                "cel_N2_1_2_fastqc.html:md5,3fe93924281dae37a40a40e54fc92d0b",
                "cel_N2_1_2_fastqc.zip:md5,389db827595d5fa066a8c7c57eac1986",
                "cel_N2_2_1_fastqc.html:md5,7c9dbecac7b93b6c1b2e8a4f56fef489",
                "cel_N2_2_1_fastqc.zip:md5,c5b33f7343565ad56c07a4ad9f5705e0",
                "cel_N2_2_2_fastqc.html:md5,4e67f3e4c0a0fd6213c9df3e09abd78f",
                "cel_N2_2_2_fastqc.zip:md5,9b2ec3f40d3533477f45a4971b2734e8",
                "cel_N2_3_1_fastqc.html:md5,ef668e44039eb1b0e43de3536e12ac26",
                "cel_N2_3_1_fastqc.zip:md5,2caa2f075e7896d30ac9896a50b20056",
                "cel_N2_3_2_fastqc.html:md5,92ab2ab14b3d4516e6731b8b231bb990",
                "cel_N2_3_2_fastqc.zip:md5,da705cf62407ed73ac555602d47e6469",
                "fust1_1_1_fastqc.html:md5,0ea4c919c70ade2abe4bbe02b8a9fa9f",
                "fust1_1_1_fastqc.zip:md5,2d875e0ba42b8ca3e29d6b20d4319e96",
                "fust1_1_2_fastqc.html:md5,b9cebb1ac8f5d86480c44cad3d2942ad",
                "fust1_1_2_fastqc.zip:md5,bd6c3f41d63ac545884c086614ed1467",
                "fust1_2_1_fastqc.html:md5,10d78a3d429abcfdef8ad2d85c1133c2",
                "fust1_2_1_fastqc.zip:md5,348fd864f0347e1785453372b2f95dfd",
                "fust1_2_2_fastqc.html:md5,abc3a88f8987f25848a679b1ec193b22",
                "fust1_2_2_fastqc.zip:md5,753adf2a87780b556365618d59a4964b",
                "fust1_3_1_fastqc.html:md5,2792a4efe63ec426eecb21bb577b7fd7",
                "fust1_3_1_fastqc.zip:md5,6a8a2b52810faa863c1cc73b60dc1831",
                "fust1_3_2_fastqc.html:md5,dba71a591dc5869126fb6ef64f8bc598",
                "fust1_3_2_fastqc.zip:md5,d349abfcfc6c988bd13020b13780284d",
                "cel_N2_1_1.fastq.gz_trimming_report.txt:md5,d70a34b4724b704faae25110027e7a92",
                "cel_N2_1_2.fastq.gz_trimming_report.txt:md5,5556b2f45b38839b571e2d75a0c164e8",
                "cel_N2_2_1.fastq.gz_trimming_report.txt:md5,095f393ed40e217d1d2613d5c9cc88b5",
                "cel_N2_2_2.fastq.gz_trimming_report.txt:md5,b4eea8a160197e82033558e006d28f3e",
                "cel_N2_3_1.fastq.gz_trimming_report.txt:md5,4f32b79b783462ff29c6bbf1adae8259",
                "cel_N2_3_2.fastq.gz_trimming_report.txt:md5,7b4a74ef56197bc79f758a6cff19eac6",
                "fust1_1_1.fastq.gz_trimming_report.txt:md5,e35f497e2b3ae8fe02d1054813a63fe4",
                "fust1_1_2.fastq.gz_trimming_report.txt:md5,ae7527222450d67ed9a2426228f2e28f",
                "fust1_2_1.fastq.gz_trimming_report.txt:md5,78ecb323c83dc815acda6b5fc039ec28",
                "fust1_2_2.fastq.gz_trimming_report.txt:md5,a16b5a715a2d6f6a68408ce1e0b952f0",
                "fust1_3_1.fastq.gz_trimming_report.txt:md5,e515276836d31b91c259d286d69ceb01",
                "fust1_3_2.fastq.gz_trimming_report.txt:md5,85998fe8c7c8a29ed5aeac26c0f21a36",
                "all.annotated.gtf:md5,168b661c285786e86d10a0f471bb4a5b",
                "all.combined.bed:md5,a10d8a69d31372070096eaeb2d7cb152",
                "all.fa:md5,8c4e36329c50fa96ea8bd78bbd128b4d",
                "all_samples.upset.png:md5,ddacf50932d1c44f3d775189bcab612b",
                "all_samples.upset_mqc.json:md5,a7014b2b53924441bbd9be1972c8b113",
                "n_samples.png:md5,8e5c20ff8db52725910456d796eb3d19",
                "n_tools.png:md5,03821791e26183ccba9f1a50b692060e",
                "cel_N2_1.annotated.bed12:md5,ff9526b60ecb7439fb042f1a672e02cd",
                "cel_N2_1.annotated.gtf:md5,05aecf41528d564874e63afd4874ebee",
                "cel_N2_1.combined.bed:md5,c6a4e00ff7368cc810b1b2d0ee12ec38",
                "cel_N2_1.fa:md5,4897629522b8a42a8ae7849a81570e9f",
                "cel_N2_2.annotated.bed12:md5,e860b55790b8f6d72525c07d633c3f78",
                "cel_N2_2.annotated.gtf:md5,2d084c89cbfb7eedbe2c5f2f4bc14d99",
                "cel_N2_2.combined.bed:md5,beef98dd930126a04bf1e3e84eb324f0",
                "cel_N2_2.fa:md5,2c22a4112311303e119cbd92309e6672",
                "cel_N2_3.annotated.bed12:md5,4e8449771fe6431cf035d3298114dcc6",
                "cel_N2_3.annotated.gtf:md5,fc25a0eb70b3156959a5caeb44df4a93",
                "cel_N2_3.combined.bed:md5,1dddd392b52ffe8a6ec7d28389624fa3",
                "cel_N2_3.fa:md5,c3041ac12ddefa2a461f309579edf8c4",
                "fust1_1.annotated.bed12:md5,b738c0ca36bb2533eb55084d08fecf9b",
                "fust1_1.annotated.gtf:md5,89e17df1ace8aa016845951de98b6842",
                "fust1_1.combined.bed:md5,08a3e4fbe732dc9f01a7016e572f76a7",
                "fust1_1.fa:md5,6c303f53bfcfa4aaca1776550f6c8b0f",
                "fust1_2.annotated.bed12:md5,745bb7d34a5f2234077f7f252efd8382",
                "fust1_2.annotated.gtf:md5,e12b597faf0d6525dbda4c8e083099d5",
                "fust1_2.combined.bed:md5,f990eec6164109cd803f22f7f4c787e6",
                "fust1_2.fa:md5,2fdfa050e827f94bc0384b112896a98b",
                "fust1_3.annotated.bed12:md5,3cb7a9c56ff4d2ba07dbdf9060c8bdb8",
                "fust1_3.annotated.gtf:md5,4a8e6540e1fc6853bcfe2648aea5c819",
                "fust1_3.combined.bed:md5,a641d83a65dcc357073de826d6511a7a",
                "fust1_3.fa:md5,98ea202d757970916aaa3ab45835f89f",
                "cel_N2_1.annotated.bed12:md5,fab072a5a502d074ed001192b39bf6bb",
                "cel_N2_1.annotated.gtf:md5,64dd26aae6b53d541a33812a9dd2f3d8",
                "cel_N2_2.annotated.bed12:md5,2ceb402e8ee1ed805825881a27f49aa5",
                "cel_N2_2.annotated.gtf:md5,1c9b9a1c92306260e799fa85eb1ac62d",
                "cel_N2_3.annotated.bed12:md5,d5af7682b8f095db7d5279fc4103b891",
                "cel_N2_3.annotated.gtf:md5,483738a0974be68c8b467e1d30c6f31d",
                "fust1_1.annotated.bed12:md5,6a46b336218a3b46afe8e3aaed5c2047",
                "fust1_1.annotated.gtf:md5,49500ede626e9cc1007c88473feb2e44",
                "fust1_2.annotated.bed12:md5,5c3c557c3a741aa68d7299d4d6fef1a3",
                "fust1_2.annotated.gtf:md5,352e9649f36bc6284b1d7801fb578ea0",
                "fust1_3.annotated.bed12:md5,f9b0f86df495363bf23ed7ae0db111b5",
                "fust1_3.annotated.gtf:md5,63cf5347b68712080dd48c7e75bb65dd",
                "circexplorer2.csv:md5,d3c7bcd286b2f0c70873e954b77b4e64",
                "cel_N2_1.fa:md5,4ad7ae73616340f4b2bd8f96f2577def",
                "cel_N2_2.fa:md5,d7051282a8f461f48b00124c632b1c85",
                "cel_N2_3.fa:md5,e0f46995eb3c81669266980e1d1edcb0",
                "fust1_1.fa:md5,4aaf170c93e3621721f2b362eea6318c",
                "fust1_2.fa:md5,76c21bcefbdb21ded5806225e1dd326b",
                "fust1_3.fa:md5,e80b466d781c1ebee2382873853bf56d",
                "cel_N2_1.circexplorer2.filtered.bed:md5,3f44b691d2ec4f6aae572a6ae8ae18a3",
                "cel_N2_2.circexplorer2.filtered.bed:md5,959e11edf6bcd73de65a99ea97c12832",
                "cel_N2_3.circexplorer2.filtered.bed:md5,42eda2292caaac74c00e7a3e20c91df9",
                "fust1_1.circexplorer2.filtered.bed:md5,ef6015f66613f8da9210f6b18c8f01f1",
                "fust1_2.circexplorer2.filtered.bed:md5,731758d61c797cf67085f51f554a71f4",
                "fust1_3.circexplorer2.filtered.bed:md5,1e943bf3fc6adbdc01a7041cb765a459",
                "cel_N2_1_circexplorer2.meta.bed:md5,0c7a0f75124561aebaace455dae6f251",
                "cel_N2_2_circexplorer2.meta.bed:md5,8188977b5b02889ef44d24c8353740b3",
                "cel_N2_3_circexplorer2.meta.bed:md5,400f751336c25a440c2d88589e171282",
                "fust1_1_circexplorer2.meta.bed:md5,94eef2afe474a1fb508d5a7665538bec",
                "fust1_2_circexplorer2.meta.bed:md5,5f3b0752d628f36c3032e2478dbc3096",
                "fust1_3_circexplorer2.meta.bed:md5,5a73aafa3bfa1af78aa6f147245fe9f8",
                "cel_N2_1.circexplorer2.bed:md5,dfd56eb57cdfe8a21a0a8013e7208038",
                "cel_N2_2.circexplorer2.bed:md5,6c113ce301d7198311b973e1fc159d4a",
                "cel_N2_3.circexplorer2.bed:md5,c6c71aaeae0c1f5a5168f5c56c90f7fc",
                "fust1_1.circexplorer2.bed:md5,26831142b4537e1bbe1d5c2fb964deaf",
                "fust1_2.circexplorer2.bed:md5,c6171151048e64d121e9a06d629377b4",
                "fust1_3.circexplorer2.bed:md5,590345e643b6c7d248265126016aabce",
                "max.tsv:md5,fe81b0d03404a4a227f3a9e99da2c673",
                "sum.tsv:md5,26416f3697112e2d9c1ec2521b5f10eb",
                "circular.tsv:md5,ea732161ad317dc27a8cab4aa229e33c",
                "experiments.merged.rds:md5,e4752bafcfed9a8616f2b063e1a6619a",
                "gene_counts.csv:md5,d1b0f0963cd9bb26a53bf2419b20b848",
                "gene_tpm.csv:md5,8a793b54a4bc69ba1f19141354f7a9ce",
                "linear.tsv:md5,5f7bcee8e3f8bbd862b4913b85bbbb81",
                "tx_counts.csv:md5,f2653f6ea5dc84ecd96f7619bea529c2",
                "tx_tpm.csv:md5,af7800abf84ff7e58462e48df77c64e8",
                "transcriptome.combined.gtf:md5,0bd459ae60487d8846ae74239a15a692",
                "transcriptome.fasta:md5,47535c322df2f1a9e3b5dbdaa333ff89",
                "transcriptome.filtered.gtf:md5,4e5bef5afb01bcd6f08b2cfb93c49701",
                "transcriptome.tx2gene.tsv:md5,31a455ca5a0a4dc9c01d13e9e5c3b77e",
                "batch_1.mirna_targets.txt:md5,bdf5efe17f04263a48615243a21bc3ea",
                "batch_10.mirna_targets.txt:md5,745a8cdb9452ac7b2b1a33c52d9ae813",
                "batch_11.mirna_targets.txt:md5,8f5219809ca641e65376ffda0b3032f7",
                "batch_12.mirna_targets.txt:md5,b0c7d7985cb2f8fd23bb56b0f0eb9533",
                "batch_13.mirna_targets.txt:md5,cd93a29dd767efc16913fe3c6f8ae3ee",
                "batch_14.mirna_targets.txt:md5,f1ade24e373a41751b51bbae078e0055",
                "batch_15.mirna_targets.txt:md5,ad58fafdcb04f667cb1172602d916bb5",
                "batch_16.mirna_targets.txt:md5,d7c0cf41637a95aebe88eed739afbbc3",
                "batch_17.mirna_targets.txt:md5,38a82d29fec48d182dcebc5c181f14a0",
                "batch_18.mirna_targets.txt:md5,d5830e88a669c5dd13cbd96c713c9551",
                "batch_19.mirna_targets.txt:md5,2436448be9fc0193ba743648a971ccde",
                "batch_2.mirna_targets.txt:md5,e4d5f46d9f24ce138e6db7145079cf57",
                "batch_20.mirna_targets.txt:md5,b265ec7cd737bc0b9efdc77651efa3c3",
                "batch_21.mirna_targets.txt:md5,bb94135385c465533cf4cc7ff47fbb83",
                "batch_22.mirna_targets.txt:md5,90cb93681280affe2a9d59dfea2b45bb",
                "batch_23.mirna_targets.txt:md5,232463108dc49629f39a192ebe101a3e",
                "batch_24.mirna_targets.txt:md5,4d29a265d993820862c271b0e13d6d8b",
                "batch_25.mirna_targets.txt:md5,9cf3b6057db55e5baf95d97b2c1db5fa",
                "batch_26.mirna_targets.txt:md5,9983466ac3962320aa9c696cc55f1ba7",
                "batch_27.mirna_targets.txt:md5,c0157fb55d26015ac4a6176786bb1ffe",
                "batch_28.mirna_targets.txt:md5,529bb252df1a179655a66e12c4af1f2a",
                "batch_29.mirna_targets.txt:md5,87bffcc3b1f48799f180f45b4b3401c7",
                "batch_3.mirna_targets.txt:md5,d7759dbf729196b48e0eca24af59121d",
                "batch_30.mirna_targets.txt:md5,b0cade6970efd2592d6c69f189c2c36f",
                "batch_31.mirna_targets.txt:md5,8dd8b628ce80be93930e62f1e8a00e9d",
                "batch_32.mirna_targets.txt:md5,4001dac2440c90e939182fa9bfd6bffa",
                "batch_33.mirna_targets.txt:md5,a0da51b68c1419b853d5fadf4a6fc13d",
                "batch_34.mirna_targets.txt:md5,008bfe30a89b88b7d6eb640d2d6d6f27",
                "batch_35.mirna_targets.txt:md5,b76834b4bfe1f0308207c19b3ee0a6b6",
                "batch_36.mirna_targets.txt:md5,f1c9104ce4c8a4d5f7e7be7296df07fc",
                "batch_37.mirna_targets.txt:md5,f5267c5a4e1cd82869d4a85fe0d90289",
                "batch_38.mirna_targets.txt:md5,c9071d2a41b380dd4eeb39c2e9521e62",
                "batch_39.mirna_targets.txt:md5,114eca70ea7d7e0e9c80e445e8e38d27",
                "batch_4.mirna_targets.txt:md5,dcc854755b3e89bbd685cdf333e48f3a",
                "batch_40.mirna_targets.txt:md5,e74b863275756368aff2623f7901c820",
                "batch_41.mirna_targets.txt:md5,b58c4163f43c8b491665ff018c668bca",
                "batch_42.mirna_targets.txt:md5,f255bec7d2595e1d58f1e3258add55ff",
                "batch_43.mirna_targets.txt:md5,d8306fe508c55f33829567f8e3a6b914",
                "batch_44.mirna_targets.txt:md5,41840ef62cb33dff2c48b911e345c32c",
                "batch_45.mirna_targets.txt:md5,cd6e9c092be95d7913f9ec203e046af6",
                "batch_46.mirna_targets.txt:md5,67e5280b7a546be07754cf8b1cfe42d0",
                "batch_47.mirna_targets.txt:md5,46b9ccf2b3737a5bef93744dee1d3141",
                "batch_48.mirna_targets.txt:md5,fa827cd03bbf809cd1e8b1c6b933f68c",
                "batch_49.mirna_targets.txt:md5,7c780b2f30d006be105f5e005e1e487e",
                "batch_5.mirna_targets.txt:md5,6c70bcc537c245fb1d8d9ab5feda2e06",
                "batch_50.mirna_targets.txt:md5,39ba632beb2e44c6c3499e7116e0dffb",
                "batch_51.mirna_targets.txt:md5,2d3fa943dea638179dd0f747b697430c",
                "batch_52.mirna_targets.txt:md5,5b73dbea2d266b8d2701b34f923ce506",
                "batch_53.mirna_targets.txt:md5,ed412156aa8c188863ba9362686dd3b9",
                "batch_6.mirna_targets.txt:md5,f941c529e65196a6d9934cec70676d77",
                "batch_7.mirna_targets.txt:md5,9edc9c95361d53aa08cf9cdeb3765951",
                "batch_8.mirna_targets.txt:md5,fae8a399b320681d768a70c5919f63e4",
                "batch_9.mirna_targets.txt:md5,a2fbd79f90aa53707d79721f8f7130f5",
                "batch_1.miranda.txt:md5,a8c8e2189241c8237fe492bcf51d1b2e",
                "batch_10.miranda.txt:md5,1e9d766c3e7d45799d4f7f5c24843bd7",
                "batch_11.miranda.txt:md5,cff8448077874b7a5183098dc66eedfd",
                "batch_12.miranda.txt:md5,5961cf9c5692f5223e1930b85fa46b67",
                "batch_13.miranda.txt:md5,f73a7e1f2253efeadc170ef98030dfc4",
                "batch_14.miranda.txt:md5,4899714d61640fed4404153cb62ef706",
                "batch_15.miranda.txt:md5,1b41277553d79774782c112d5a3a4217",
                "batch_16.miranda.txt:md5,d0bbcf43f21f7bc3826b42523ff26bfb",
                "batch_17.miranda.txt:md5,c7d799843d77de62b89db5473beea921",
                "batch_18.miranda.txt:md5,a267bf1e42b303dc71c7aeaad60c95f6",
                "batch_19.miranda.txt:md5,865ff4e113c9a05bf5fa0a2c6e4ad64b",
                "batch_2.miranda.txt:md5,361f753e814e53616679ae8812061189",
                "batch_20.miranda.txt:md5,cea0b4624f2b8d61eb0032452d503c68",
                "batch_21.miranda.txt:md5,ddf35de367504dfe16dbc9c8597f98da",
                "batch_22.miranda.txt:md5,4cea844fe33047444055de6d79197f33",
                "batch_23.miranda.txt:md5,23c5cfbe65855fceafc6b83e6a13132e",
                "batch_24.miranda.txt:md5,80ae41f55d4433f2cb7757afee6b08ca",
                "batch_25.miranda.txt:md5,978a2ffae0109e6c9c31c85f67beeedc",
                "batch_26.miranda.txt:md5,01e500c6777b8593772d2b4ac95bb037",
                "batch_27.miranda.txt:md5,94d730830f96261a3b1ba0db22098b8d",
                "batch_28.miranda.txt:md5,46ab801acc40acc7941455a1cd418030",
                "batch_29.miranda.txt:md5,2239ac987812e07fc484a5bf92df934e",
                "batch_3.miranda.txt:md5,9c7ed288914e7f1179868d53cbe58ca6",
                "batch_30.miranda.txt:md5,aafc579b04b4122b27c9e85a7cb7c386",
                "batch_31.miranda.txt:md5,a24fd5d0283c96a5bb86c950a59c26c7",
                "batch_32.miranda.txt:md5,7cefdf4fbd4bf0e36048ef1ea08e71c1",
                "batch_33.miranda.txt:md5,e30df8bd9ed1d8ed49efa601535a72ab",
                "batch_34.miranda.txt:md5,f05e8fdafc6ca2956aafa786112b66d4",
                "batch_35.miranda.txt:md5,df55e7b0c69dc85103d3e70bbb53b258",
                "batch_36.miranda.txt:md5,4e51a450249c1ff88c0432af47f6a6f8",
                "batch_37.miranda.txt:md5,31bf79553d64409a75a039eaafa65546",
                "batch_38.miranda.txt:md5,f2c7d55e55c45f50a1f9a502f8b5e44e",
                "batch_39.miranda.txt:md5,beb1ff7222b75f65b5da884a1038daab",
                "batch_4.miranda.txt:md5,e9ba76db1863a9646f7db103dac0b7c6",
                "batch_40.miranda.txt:md5,ab2df65a5f7652518a6754776b14e4c5",
                "batch_41.miranda.txt:md5,c3cb3920e13c21979040e72924b9faf8",
                "batch_42.miranda.txt:md5,cd00aed65857fbc4c5e6f3306e863961",
                "batch_43.miranda.txt:md5,b93001f2c1c05f04492dbf4048c1eda4",
                "batch_44.miranda.txt:md5,0ead69aa20f26a50a8c44260d88b3d73",
                "batch_45.miranda.txt:md5,e627339c823a52305079f9b890859dcc",
                "batch_46.miranda.txt:md5,ca1b51fdadeec426cd28c86d6f8d7266",
                "batch_47.miranda.txt:md5,48ed1bc8865365742f6c477094a26542",
                "batch_48.miranda.txt:md5,02d38e7cf9715af1ccbf82fdf1b3c28a",
                "batch_49.miranda.txt:md5,7b6170c5ba8e236d3ae2331ba87a976c",
                "batch_5.miranda.txt:md5,1cab43747edc94da2da1b6500aaf39ba",
                "batch_50.miranda.txt:md5,da1b415167268ed2773d7d88eec2460c",
                "batch_51.miranda.txt:md5,4edc50076e34bb180e4743e521badf9a",
                "batch_52.miranda.txt:md5,599980bb70ee7d34fb944653ac489bbb",
                "batch_53.miranda.txt:md5,03d724b78d854197425923432b887b8e",
                "batch_6.miranda.txt:md5,45bb3048f4f2c0d7609f4a8e909742f2",
                "batch_7.miranda.txt:md5,b69f9e2d7ffbd8fcc7843c6897fee797",
                "batch_8.miranda.txt:md5,47db5b7adc484b38d285e1d96b01eb76",
                "batch_9.miranda.txt:md5,60e90928b5fa954fe2bcd10a3bcfd917",
                "batch_1.miranda.tsv:md5,c327798bd4934487a64f1a660e07b122",
                "batch_10.miranda.tsv:md5,82ad06c38529e4fccd458d0a4962d44c",
                "batch_11.miranda.tsv:md5,71b1ace4d3aa74629ce001078d38302f",
                "batch_12.miranda.tsv:md5,8e77afd4ec6368765a9c5425f2ca860a",
                "batch_13.miranda.tsv:md5,514af83bd8ba7cb61aeea904d2e800ba",
                "batch_14.miranda.tsv:md5,567d60666ca22e1d70c5c90deac6b83e",
                "batch_15.miranda.tsv:md5,3b7b5069ff781c7cebe219dfbd549eff",
                "batch_16.miranda.tsv:md5,a1515ff2e069329ff90b46071c7939c9",
                "batch_17.miranda.tsv:md5,9649050337e335b7f568e2ca0a61c49d",
                "batch_18.miranda.tsv:md5,4b73e1b9265b3bbf0b29d2e720fa50d6",
                "batch_19.miranda.tsv:md5,8c00b60b6edd2ec04dbc627db33ac474",
                "batch_2.miranda.tsv:md5,45a3d45b1db38de779c6c251c136e481",
                "batch_20.miranda.tsv:md5,819a8552cf20261beb2ff0a0c365f7c8",
                "batch_21.miranda.tsv:md5,d25bdb6c409736f42401b824f38022d9",
                "batch_22.miranda.tsv:md5,494a2c3e55e80b19f738585d2b95f65d",
                "batch_23.miranda.tsv:md5,acc9c98e53c06f9453203555a112d151",
                "batch_24.miranda.tsv:md5,8b1117fed1dfe66b18024d8454389122",
                "batch_25.miranda.tsv:md5,f315d4a5336cc1b0c067777f074e46e0",
                "batch_26.miranda.tsv:md5,12b18d12246478e3ff799b27fd3a09ea",
                "batch_27.miranda.tsv:md5,46ffd921d35b6246c3d2479c230d3be4",
                "batch_28.miranda.tsv:md5,524faf0e48a1222d6fcb974b15988f51",
                "batch_29.miranda.tsv:md5,1302a7cd9425bf3d42ce023711882a2b",
                "batch_3.miranda.tsv:md5,ec039fb2de8d4df6224b7287b9b61ee4",
                "batch_30.miranda.tsv:md5,e4b926b13def83372a897fbc61298cbd",
                "batch_31.miranda.tsv:md5,1d8e6ba5e0ea9ff66c1a6767c00b0941",
                "batch_32.miranda.tsv:md5,27a32bcc03e4a7a288f94e0b7c84a107",
                "batch_33.miranda.tsv:md5,ca8232d304ca6d5b175105e4c6895296",
                "batch_34.miranda.tsv:md5,f641731735703b93566217821c2622d8",
                "batch_35.miranda.tsv:md5,06bbea07845ef6fb14c911413b75471c",
                "batch_36.miranda.tsv:md5,d107ef1c4a0aed1aa3e443f7489ea3c0",
                "batch_37.miranda.tsv:md5,fb0bd8d7b734b8f53874dd4835678fcd",
                "batch_38.miranda.tsv:md5,48a812b259c3cf67b9cd6dde211e20dc",
                "batch_39.miranda.tsv:md5,b74c84b81715cb76aa1c14b62390ba37",
                "batch_4.miranda.tsv:md5,93767839faf234f0e87a575a23d899e7",
                "batch_40.miranda.tsv:md5,5602e33e2d321faac00448c7a50cf9da",
                "batch_41.miranda.tsv:md5,475157e7eba3046bbcb8ef1e5f4e9971",
                "batch_42.miranda.tsv:md5,1526949ff4ba3a0fa5e25189ba3570f2",
                "batch_43.miranda.tsv:md5,df3a3339d238e3ee4fc8dbd32a4201bf",
                "batch_44.miranda.tsv:md5,c56d6e38048190294dc962c41e6c3bb1",
                "batch_45.miranda.tsv:md5,21ce55bd25871334885342f2cd149661",
                "batch_46.miranda.tsv:md5,49fd9760dfbca370bebc5d6bea5c8f4d",
                "batch_47.miranda.tsv:md5,d6123ac525dc475715a20afadcb6a809",
                "batch_48.miranda.tsv:md5,1d4691fedc87f2510025f24f68f53cbb",
                "batch_49.miranda.tsv:md5,9c6a6ce46a00d038e83a2a8650c5006a",
                "batch_5.miranda.tsv:md5,10d43ddb6469d0029464131a1c88d19d",
                "batch_50.miranda.tsv:md5,9bcaa98222771910c96ca43dfd5895cc",
                "batch_51.miranda.tsv:md5,26e0ddcda9b537911a49e74d25fa4d47",
                "batch_52.miranda.tsv:md5,a559076e259573dcfdd667ae6b81e671",
                "batch_53.miranda.tsv:md5,bfe0ddd7b88d05dc3984e963bfee8925",
                "batch_6.miranda.tsv:md5,fdbb1ba2b175736026dc16bc540d4f4c",
                "batch_7.miranda.tsv:md5,717fbbef567874bdce552bc3777bae5f",
                "batch_8.miranda.tsv:md5,9acd44b60ac6337f858f7deeedc8a730",
                "batch_9.miranda.tsv:md5,dda9b5507afe37b58a2cd3e470f17937",
                "batch_1.targetscan.txt:md5,4ae7d6aea7928cd883d7604ec3a9f477",
                "batch_10.targetscan.txt:md5,2e1b60edaf72fddb21c769f721eeb9c6",
                "batch_11.targetscan.txt:md5,d17747f4091b9bc31f24c6e9f0b691f2",
                "batch_12.targetscan.txt:md5,58577506b5f7a773add8f971221b3208",
                "batch_13.targetscan.txt:md5,6bc6a564408e09a5df1848ab29a09ce6",
                "batch_14.targetscan.txt:md5,4f82b74fdcf804595446a957d7092266",
                "batch_15.targetscan.txt:md5,438bc071f49aaf3c75301dec5e4e62a3",
                "batch_16.targetscan.txt:md5,c59f26aca986f11dc5e0cdbd7fc1ff26",
                "batch_17.targetscan.txt:md5,4162ee81c4d1f3de363093d35aa5184c",
                "batch_18.targetscan.txt:md5,0150fa8614e1e7c8e26e43bf4f088f06",
                "batch_19.targetscan.txt:md5,6e0a5db02c8285b47f3eba07af64c206",
                "batch_2.targetscan.txt:md5,23b77f8e5d76c7f3b3f22708a6bc3be1",
                "batch_20.targetscan.txt:md5,380c5fbfd303831aef53af37e25decfa",
                "batch_21.targetscan.txt:md5,c1873670dcc89d3801896c2614b1f4cc",
                "batch_22.targetscan.txt:md5,176f4a8073a77cccc7c7d9515200dd84",
                "batch_23.targetscan.txt:md5,81c3059b433881eae60fa7a6e11f895b",
                "batch_24.targetscan.txt:md5,bc7f98b2dc916b7cfca2de45a989b4a0",
                "batch_25.targetscan.txt:md5,3dc2ffa8bb25db6be862c6f468d52406",
                "batch_26.targetscan.txt:md5,a5024ee417c8b0df24eea06adeb96a1b",
                "batch_27.targetscan.txt:md5,d325ead1e4b9d32a21fc028aa8dd7445",
                "batch_28.targetscan.txt:md5,d881c47fe5bb7a51df15e2ec1ad5b89d",
                "batch_29.targetscan.txt:md5,bcab7a2528cfab9a298205fa9763bc43",
                "batch_3.targetscan.txt:md5,c2a4254b97a2c578ad9670ec72a74938",
                "batch_30.targetscan.txt:md5,852aefac46d50f4b450fc725b4429fb4",
                "batch_31.targetscan.txt:md5,ce185188c4da3f23406856e0e9b6fe20",
                "batch_32.targetscan.txt:md5,90e4f6f2b7a5c3485ea185c6719720e9",
                "batch_33.targetscan.txt:md5,fde9f1174fcb79f220db8562ce6eb8a1",
                "batch_34.targetscan.txt:md5,71d4adf441ca0751248ce9d8079e6f19",
                "batch_35.targetscan.txt:md5,7bfc5a42df29709330dff3948f15b6f9",
                "batch_36.targetscan.txt:md5,0391fd08f0465944fa5be94f930078e6",
                "batch_37.targetscan.txt:md5,f9a993638d292381df82eeb77442531c",
                "batch_38.targetscan.txt:md5,0739664eecd8e56affb0a5459fcf90cf",
                "batch_39.targetscan.txt:md5,8bdee030674effc417da5646c1d2da8d",
                "batch_4.targetscan.txt:md5,657c50f44f6906f6f152d69d4a964d45",
                "batch_40.targetscan.txt:md5,929c0ec3758d61f624d244c124afcf28",
                "batch_41.targetscan.txt:md5,10ca259ecefc168b0d4f7ee31a7f2629",
                "batch_42.targetscan.txt:md5,c3b142a9312e02fe1c2009deb330377d",
                "batch_43.targetscan.txt:md5,129de9a26edc13f247f8c533a794c200",
                "batch_44.targetscan.txt:md5,87cc15735b79f6efa2a1cd41360a066c",
                "batch_45.targetscan.txt:md5,8d297f90f21ece8fab688f8d86f19bea",
                "batch_46.targetscan.txt:md5,3ff1bdd6d40f85d63ebe7d7620f9a4c5",
                "batch_47.targetscan.txt:md5,243eadedcd4e0efdb5f2315fc1d4f29c",
                "batch_48.targetscan.txt:md5,15488fdf3da65000f46009141159f77e",
                "batch_49.targetscan.txt:md5,d179de011ff8628f9672d2a23c960007",
                "batch_5.targetscan.txt:md5,42d50aa60375a00a3fae8e0dbf69cd58",
                "batch_50.targetscan.txt:md5,9bd7676460c8042f595b2e53399ec0f1",
                "batch_51.targetscan.txt:md5,d47045b5b57a93145467bd753d9ad02f",
                "batch_52.targetscan.txt:md5,3a34e861be86ac2d58a32ea4bc289f3a",
                "batch_53.targetscan.txt:md5,d4a46edefcec3c8691822fa32daf2a11",
                "batch_6.targetscan.txt:md5,58840ef9920d2890aa6405613937d400",
                "batch_7.targetscan.txt:md5,d0bf2f44e8455b8de10a699f4a515d80",
                "batch_8.targetscan.txt:md5,2ad6696bc01316b6b1f01cabc3d0b8d2",
                "batch_9.targetscan.txt:md5,bd3a793327f2ab91105a1ba011f5ef3d",
                "batch_1.targetscan.tsv:md5,43cb0a4235ace023091e96f26660a0de",
                "batch_10.targetscan.tsv:md5,33716abff1d42ebb2c69d1dfc4bd70bf",
                "batch_11.targetscan.tsv:md5,25e528332d476f569fbf887f322d8af1",
                "batch_12.targetscan.tsv:md5,daa39ec09f3265fb83056defcfa4eab9",
                "batch_13.targetscan.tsv:md5,a104ccff52b7e8046b2f5b26f002de21",
                "batch_14.targetscan.tsv:md5,7c1c2c10156c9bd7784be01edbef479d",
                "batch_15.targetscan.tsv:md5,27736f295025be2b049712aae359a63f",
                "batch_16.targetscan.tsv:md5,f33b1f3bd9a453a208a4cc6096808b90",
                "batch_17.targetscan.tsv:md5,f3e625ce67476078f17e6324663d8ad3",
                "batch_18.targetscan.tsv:md5,31c167defe966afe56651c01b0904e5b",
                "batch_19.targetscan.tsv:md5,4e1617dd3fbe77aeabd22b63b8baab07",
                "batch_2.targetscan.tsv:md5,4e42d0db8632a438ce11a466dcfd93c3",
                "batch_20.targetscan.tsv:md5,9965b1e32feabb21f29ca2a14e76bd6c",
                "batch_21.targetscan.tsv:md5,03eb81c6254218f046e977b0016c557e",
                "batch_22.targetscan.tsv:md5,f8e5da9432ac2110c42e47fcbc6fbcc7",
                "batch_23.targetscan.tsv:md5,eb4ed467faf082f9b97b0e4885341057",
                "batch_24.targetscan.tsv:md5,0d69a17a303993d25655b10d7de8397b",
                "batch_25.targetscan.tsv:md5,735b1f0c1e34461e5dab7c436fe3359f",
                "batch_26.targetscan.tsv:md5,bef3d85a3b059af909db7ea8d5bb6462",
                "batch_27.targetscan.tsv:md5,66078e7c2f907dcf882eb67e76e44162",
                "batch_28.targetscan.tsv:md5,22c6e3cb16112660dd9f361df09d093a",
                "batch_29.targetscan.tsv:md5,5a7b278bec5abf03a7d25be542baa7b4",
                "batch_3.targetscan.tsv:md5,95fe079e45d45ca24d5f66aff2ecfed0",
                "batch_30.targetscan.tsv:md5,d2728669d0b1e15d126b8e2cffc73d68",
                "batch_31.targetscan.tsv:md5,5cd731611e4acf8084dcdc3cc2e6c95e",
                "batch_32.targetscan.tsv:md5,d704431f3bb196bd727bb07d37960626",
                "batch_33.targetscan.tsv:md5,6927771f146ff21760531febbc0b3dbb",
                "batch_34.targetscan.tsv:md5,f3f330dfdf916ce2014ffec8448bc26d",
                "batch_35.targetscan.tsv:md5,e3b2efc31bb15b552b8086461694786c",
                "batch_36.targetscan.tsv:md5,254c0c5eed31825f80bb7f8a8af83ed9",
                "batch_37.targetscan.tsv:md5,fd7f58425ddea1a9ad810ec960ee69ba",
                "batch_38.targetscan.tsv:md5,224f892ea927db907263c8b60a6abc49",
                "batch_39.targetscan.tsv:md5,f7448a59279643bd1a3ee5e9830a5ccd",
                "batch_4.targetscan.tsv:md5,034ef36ad48ea8f83a35f70f0ae5c696",
                "batch_40.targetscan.tsv:md5,40e40c500a87eb4af30859ad133f9fb6",
                "batch_41.targetscan.tsv:md5,460e96aabb8fea7700b7b14b7123fb1d",
                "batch_42.targetscan.tsv:md5,61edc61e0bcaff2b93041d7b7a379a0f",
                "batch_43.targetscan.tsv:md5,8f3008d7ce45168ca449d49c561eb3ad",
                "batch_44.targetscan.tsv:md5,0b2e2cfc6e69ad5fc57130662ee17e66",
                "batch_45.targetscan.tsv:md5,87b26867f1e5500eb976a40f9a06c0ba",
                "batch_46.targetscan.tsv:md5,9a42c8e5911bf655c58641254b39f2fd",
                "batch_47.targetscan.tsv:md5,3ecb8f23d2695799cd58963b235971ab",
                "batch_48.targetscan.tsv:md5,986a791902c7337cbaa14a988d83a159",
                "batch_49.targetscan.tsv:md5,223e2c1f4faee8c0c4d74a8ff7fdf972",
                "batch_5.targetscan.tsv:md5,3a35e78e137561352f6bd31822067be2",
                "batch_50.targetscan.tsv:md5,a4f8fbf13a83b06038e42962b38345e5",
                "batch_51.targetscan.tsv:md5,5e46ddecd05b1182406d7a537b3c989c",
                "batch_52.targetscan.tsv:md5,7fd8ad57034b0fde39ea9ef9d9646170",
                "batch_53.targetscan.tsv:md5,4089140a4ae7f3efd5ba16b159f71099",
                "batch_6.targetscan.tsv:md5,f6dee144242ed215969c90373e604bb4",
                "batch_7.targetscan.tsv:md5,8c46efab23f805dcda026e852e92c33d",
                "batch_8.targetscan.tsv:md5,2399415a16a0f9be4e1ebc44c173d315",
                "batch_9.targetscan.tsv:md5,9369f67f2699f22b8054068f1aee3d0a",
                "transcriptome.fa:md5,14415274074eaa88af81e414fcb8fba7"
            ]
        ],
        "timestamp": "2026-05-10T21:34:47.008833381",
        "meta": {
            "nf-test": "0.9.4",
            "nextflow": "25.10.4"
        }
    }
}