{
    "-profile test": {
        "content": [
            [
                "1_references",
                "1_references/genome",
                "1_references/genome/chromosomes",
                "1_references/genome/chromosomes/fasta",
                "1_references/genome/chromosomes/fasta/chrI.fa",
                "1_references/genome/filtered_gtf",
                "1_references/genome/filtered_gtf/gtf.filtered.gtf",
                "1_references/genome/genepred",
                "1_references/genome/genepred/gtf.genepred",
                "1_references/index",
                "1_references/index/fasta",
                "1_references/index/fasta/chrI.fa.fai",
                "1_references/index/gtf.circexplorer2.txt",
                "1_references/index/psirc_quant",
                "1_references/index/psirc_quant/psirc.index",
                "1_references/index/star",
                "1_references/index/star/Genome",
                "1_references/index/star/Log.out",
                "1_references/index/star/SA",
                "1_references/index/star/SAindex",
                "1_references/index/star/chrLength.txt",
                "1_references/index/star/chrName.txt",
                "1_references/index/star/chrNameLength.txt",
                "1_references/index/star/chrStart.txt",
                "1_references/index/star/exonGeTrInfo.tab",
                "1_references/index/star/exonInfo.tab",
                "1_references/index/star/geneInfo.tab",
                "1_references/index/star/genomeParameters.txt",
                "1_references/index/star/sjdbInfo.txt",
                "1_references/index/star/sjdbList.fromGTF.out.tab",
                "1_references/index/star/sjdbList.out.tab",
                "1_references/index/star/transcriptInfo.tab",
                "2_quality_control",
                "2_quality_control/fastqc",
                "2_quality_control/fastqc/cel_N2_1_1_fastqc.html",
                "2_quality_control/fastqc/cel_N2_1_1_fastqc.zip",
                "2_quality_control/fastqc/cel_N2_1_2_fastqc.html",
                "2_quality_control/fastqc/cel_N2_1_2_fastqc.zip",
                "2_quality_control/fastqc/cel_N2_2_1_fastqc.html",
                "2_quality_control/fastqc/cel_N2_2_1_fastqc.zip",
                "2_quality_control/fastqc/cel_N2_2_2_fastqc.html",
                "2_quality_control/fastqc/cel_N2_2_2_fastqc.zip",
                "2_quality_control/fastqc/cel_N2_3_1_fastqc.html",
                "2_quality_control/fastqc/cel_N2_3_1_fastqc.zip",
                "2_quality_control/fastqc/cel_N2_3_2_fastqc.html",
                "2_quality_control/fastqc/cel_N2_3_2_fastqc.zip",
                "2_quality_control/fastqc/fust1_1_1_fastqc.html",
                "2_quality_control/fastqc/fust1_1_1_fastqc.zip",
                "2_quality_control/fastqc/fust1_1_2_fastqc.html",
                "2_quality_control/fastqc/fust1_1_2_fastqc.zip",
                "2_quality_control/fastqc/fust1_2_1_fastqc.html",
                "2_quality_control/fastqc/fust1_2_1_fastqc.zip",
                "2_quality_control/fastqc/fust1_2_2_fastqc.html",
                "2_quality_control/fastqc/fust1_2_2_fastqc.zip",
                "2_quality_control/fastqc/fust1_3_1_fastqc.html",
                "2_quality_control/fastqc/fust1_3_1_fastqc.zip",
                "2_quality_control/fastqc/fust1_3_2_fastqc.html",
                "2_quality_control/fastqc/fust1_3_2_fastqc.zip",
                "2_quality_control/trimgalore",
                "2_quality_control/trimgalore/cel_N2_1_1.fastq.gz_trimming_report.txt",
                "2_quality_control/trimgalore/cel_N2_1_2.fastq.gz_trimming_report.txt",
                "2_quality_control/trimgalore/cel_N2_2_1.fastq.gz_trimming_report.txt",
                "2_quality_control/trimgalore/cel_N2_2_2.fastq.gz_trimming_report.txt",
                "2_quality_control/trimgalore/cel_N2_3_1.fastq.gz_trimming_report.txt",
                "2_quality_control/trimgalore/cel_N2_3_2.fastq.gz_trimming_report.txt",
                "2_quality_control/trimgalore/fust1_1_1.fastq.gz_trimming_report.txt",
                "2_quality_control/trimgalore/fust1_1_2.fastq.gz_trimming_report.txt",
                "2_quality_control/trimgalore/fust1_2_1.fastq.gz_trimming_report.txt",
                "2_quality_control/trimgalore/fust1_2_2.fastq.gz_trimming_report.txt",
                "2_quality_control/trimgalore/fust1_3_1.fastq.gz_trimming_report.txt",
                "2_quality_control/trimgalore/fust1_3_2.fastq.gz_trimming_report.txt",
                "3_bsj_detection",
                "3_bsj_detection/combined",
                "3_bsj_detection/combined/all.annotated.gtf",
                "3_bsj_detection/combined/all.combined.bed",
                "3_bsj_detection/combined/all.fa",
                "3_bsj_detection/combined/all_samples.upset.png",
                "3_bsj_detection/combined/all_samples.upset_mqc.json",
                "3_bsj_detection/combined/n_samples.png",
                "3_bsj_detection/combined/n_tools.png",
                "3_bsj_detection/samples",
                "3_bsj_detection/samples/cel_N2_1",
                "3_bsj_detection/samples/cel_N2_1/cel_N2_1.annotated.bed12",
                "3_bsj_detection/samples/cel_N2_1/cel_N2_1.annotated.gtf",
                "3_bsj_detection/samples/cel_N2_1/cel_N2_1.combined.bed",
                "3_bsj_detection/samples/cel_N2_1/cel_N2_1.fa",
                "3_bsj_detection/samples/cel_N2_2",
                "3_bsj_detection/samples/cel_N2_2/cel_N2_2.annotated.bed12",
                "3_bsj_detection/samples/cel_N2_2/cel_N2_2.annotated.gtf",
                "3_bsj_detection/samples/cel_N2_2/cel_N2_2.combined.bed",
                "3_bsj_detection/samples/cel_N2_2/cel_N2_2.fa",
                "3_bsj_detection/samples/cel_N2_3",
                "3_bsj_detection/samples/cel_N2_3/cel_N2_3.annotated.bed12",
                "3_bsj_detection/samples/cel_N2_3/cel_N2_3.annotated.gtf",
                "3_bsj_detection/samples/cel_N2_3/cel_N2_3.combined.bed",
                "3_bsj_detection/samples/cel_N2_3/cel_N2_3.fa",
                "3_bsj_detection/samples/fust1_1",
                "3_bsj_detection/samples/fust1_1/fust1_1.annotated.bed12",
                "3_bsj_detection/samples/fust1_1/fust1_1.annotated.gtf",
                "3_bsj_detection/samples/fust1_1/fust1_1.combined.bed",
                "3_bsj_detection/samples/fust1_1/fust1_1.fa",
                "3_bsj_detection/samples/fust1_2",
                "3_bsj_detection/samples/fust1_2/fust1_2.annotated.bed12",
                "3_bsj_detection/samples/fust1_2/fust1_2.annotated.gtf",
                "3_bsj_detection/samples/fust1_2/fust1_2.combined.bed",
                "3_bsj_detection/samples/fust1_2/fust1_2.fa",
                "3_bsj_detection/samples/fust1_3",
                "3_bsj_detection/samples/fust1_3/fust1_3.annotated.bed12",
                "3_bsj_detection/samples/fust1_3/fust1_3.annotated.gtf",
                "3_bsj_detection/samples/fust1_3/fust1_3.combined.bed",
                "3_bsj_detection/samples/fust1_3/fust1_3.fa",
                "3_bsj_detection/tools",
                "3_bsj_detection/tools/circexplorer2",
                "3_bsj_detection/tools/circexplorer2/annotated",
                "3_bsj_detection/tools/circexplorer2/annotated/cel_N2_1.annotated.bed12",
                "3_bsj_detection/tools/circexplorer2/annotated/cel_N2_1.annotated.gtf",
                "3_bsj_detection/tools/circexplorer2/annotated/cel_N2_2.annotated.bed12",
                "3_bsj_detection/tools/circexplorer2/annotated/cel_N2_2.annotated.gtf",
                "3_bsj_detection/tools/circexplorer2/annotated/cel_N2_3.annotated.bed12",
                "3_bsj_detection/tools/circexplorer2/annotated/cel_N2_3.annotated.gtf",
                "3_bsj_detection/tools/circexplorer2/annotated/fust1_1.annotated.bed12",
                "3_bsj_detection/tools/circexplorer2/annotated/fust1_1.annotated.gtf",
                "3_bsj_detection/tools/circexplorer2/annotated/fust1_2.annotated.bed12",
                "3_bsj_detection/tools/circexplorer2/annotated/fust1_2.annotated.gtf",
                "3_bsj_detection/tools/circexplorer2/annotated/fust1_3.annotated.bed12",
                "3_bsj_detection/tools/circexplorer2/annotated/fust1_3.annotated.gtf",
                "3_bsj_detection/tools/circexplorer2/circexplorer2.csv",
                "3_bsj_detection/tools/circexplorer2/fasta",
                "3_bsj_detection/tools/circexplorer2/fasta/cel_N2_1.fa",
                "3_bsj_detection/tools/circexplorer2/fasta/cel_N2_2.fa",
                "3_bsj_detection/tools/circexplorer2/fasta/cel_N2_3.fa",
                "3_bsj_detection/tools/circexplorer2/fasta/fust1_1.fa",
                "3_bsj_detection/tools/circexplorer2/fasta/fust1_2.fa",
                "3_bsj_detection/tools/circexplorer2/fasta/fust1_3.fa",
                "3_bsj_detection/tools/circexplorer2/filtered",
                "3_bsj_detection/tools/circexplorer2/filtered/cel_N2_1.circexplorer2.filtered.bed",
                "3_bsj_detection/tools/circexplorer2/filtered/cel_N2_2.circexplorer2.filtered.bed",
                "3_bsj_detection/tools/circexplorer2/filtered/cel_N2_3.circexplorer2.filtered.bed",
                "3_bsj_detection/tools/circexplorer2/filtered/fust1_1.circexplorer2.filtered.bed",
                "3_bsj_detection/tools/circexplorer2/filtered/fust1_2.circexplorer2.filtered.bed",
                "3_bsj_detection/tools/circexplorer2/filtered/fust1_3.circexplorer2.filtered.bed",
                "3_bsj_detection/tools/circexplorer2/meta",
                "3_bsj_detection/tools/circexplorer2/meta/cel_N2_1_circexplorer2.meta.bed",
                "3_bsj_detection/tools/circexplorer2/meta/cel_N2_2_circexplorer2.meta.bed",
                "3_bsj_detection/tools/circexplorer2/meta/cel_N2_3_circexplorer2.meta.bed",
                "3_bsj_detection/tools/circexplorer2/meta/fust1_1_circexplorer2.meta.bed",
                "3_bsj_detection/tools/circexplorer2/meta/fust1_2_circexplorer2.meta.bed",
                "3_bsj_detection/tools/circexplorer2/meta/fust1_3_circexplorer2.meta.bed",
                "3_bsj_detection/tools/circexplorer2/unified",
                "3_bsj_detection/tools/circexplorer2/unified/cel_N2_1.circexplorer2.bed",
                "3_bsj_detection/tools/circexplorer2/unified/cel_N2_2.circexplorer2.bed",
                "3_bsj_detection/tools/circexplorer2/unified/cel_N2_3.circexplorer2.bed",
                "3_bsj_detection/tools/circexplorer2/unified/fust1_1.circexplorer2.bed",
                "3_bsj_detection/tools/circexplorer2/unified/fust1_2.circexplorer2.bed",
                "3_bsj_detection/tools/circexplorer2/unified/fust1_3.circexplorer2.bed",
                "5_quantification",
                "5_quantification/aggregations",
                "5_quantification/aggregations/max.tsv",
                "5_quantification/aggregations/sum.tsv",
                "5_quantification/psirc",
                "5_quantification/psirc/combined",
                "5_quantification/psirc/combined/circular.tsv",
                "5_quantification/psirc/combined/experiments.merged.rds",
                "5_quantification/psirc/combined/gene_counts.csv",
                "5_quantification/psirc/combined/gene_tpm.csv",
                "5_quantification/psirc/combined/linear.tsv",
                "5_quantification/psirc/combined/tx_counts.csv",
                "5_quantification/psirc/combined/tx_tpm.csv",
                "5_quantification/psirc/samples",
                "5_quantification/psirc/samples/cel_N2_1",
                "5_quantification/psirc/samples/cel_N2_1/psirc",
                "5_quantification/psirc/samples/cel_N2_1/psirc/cel_N2_1",
                "5_quantification/psirc/samples/cel_N2_1/psirc/cel_N2_1/abundance.h5",
                "5_quantification/psirc/samples/cel_N2_1/psirc/cel_N2_1/abundance.tsv",
                "5_quantification/psirc/samples/cel_N2_1/psirc/cel_N2_1/pseudoalignments.bam",
                "5_quantification/psirc/samples/cel_N2_1/psirc/cel_N2_1/pseudoalignments.bam.bai",
                "5_quantification/psirc/samples/cel_N2_1/psirc/cel_N2_1/run_info.json",
                "5_quantification/psirc/samples/cel_N2_1/tximeta",
                "5_quantification/psirc/samples/cel_N2_1/tximeta/cel_N2_1.rds",
                "5_quantification/psirc/samples/cel_N2_1/tximport",
                "5_quantification/psirc/samples/cel_N2_1/tximport/cel_N2_1.gene_counts.tsv",
                "5_quantification/psirc/samples/cel_N2_1/tximport/cel_N2_1.gene_counts_length_scaled.tsv",
                "5_quantification/psirc/samples/cel_N2_1/tximport/cel_N2_1.gene_counts_scaled.tsv",
                "5_quantification/psirc/samples/cel_N2_1/tximport/cel_N2_1.gene_lengths.tsv",
                "5_quantification/psirc/samples/cel_N2_1/tximport/cel_N2_1.gene_tpm.tsv",
                "5_quantification/psirc/samples/cel_N2_1/tximport/cel_N2_1.transcript_counts.tsv",
                "5_quantification/psirc/samples/cel_N2_1/tximport/cel_N2_1.transcript_lengths.tsv",
                "5_quantification/psirc/samples/cel_N2_1/tximport/cel_N2_1.transcript_tpm.tsv",
                "5_quantification/psirc/samples/cel_N2_2",
                "5_quantification/psirc/samples/cel_N2_2/psirc",
                "5_quantification/psirc/samples/cel_N2_2/psirc/cel_N2_2",
                "5_quantification/psirc/samples/cel_N2_2/psirc/cel_N2_2/abundance.h5",
                "5_quantification/psirc/samples/cel_N2_2/psirc/cel_N2_2/abundance.tsv",
                "5_quantification/psirc/samples/cel_N2_2/psirc/cel_N2_2/pseudoalignments.bam",
                "5_quantification/psirc/samples/cel_N2_2/psirc/cel_N2_2/pseudoalignments.bam.bai",
                "5_quantification/psirc/samples/cel_N2_2/psirc/cel_N2_2/run_info.json",
                "5_quantification/psirc/samples/cel_N2_2/tximeta",
                "5_quantification/psirc/samples/cel_N2_2/tximeta/cel_N2_2.rds",
                "5_quantification/psirc/samples/cel_N2_2/tximport",
                "5_quantification/psirc/samples/cel_N2_2/tximport/cel_N2_2.gene_counts.tsv",
                "5_quantification/psirc/samples/cel_N2_2/tximport/cel_N2_2.gene_counts_length_scaled.tsv",
                "5_quantification/psirc/samples/cel_N2_2/tximport/cel_N2_2.gene_counts_scaled.tsv",
                "5_quantification/psirc/samples/cel_N2_2/tximport/cel_N2_2.gene_lengths.tsv",
                "5_quantification/psirc/samples/cel_N2_2/tximport/cel_N2_2.gene_tpm.tsv",
                "5_quantification/psirc/samples/cel_N2_2/tximport/cel_N2_2.transcript_counts.tsv",
                "5_quantification/psirc/samples/cel_N2_2/tximport/cel_N2_2.transcript_lengths.tsv",
                "5_quantification/psirc/samples/cel_N2_2/tximport/cel_N2_2.transcript_tpm.tsv",
                "5_quantification/psirc/samples/cel_N2_3",
                "5_quantification/psirc/samples/cel_N2_3/psirc",
                "5_quantification/psirc/samples/cel_N2_3/psirc/cel_N2_3",
                "5_quantification/psirc/samples/cel_N2_3/psirc/cel_N2_3/abundance.h5",
                "5_quantification/psirc/samples/cel_N2_3/psirc/cel_N2_3/abundance.tsv",
                "5_quantification/psirc/samples/cel_N2_3/psirc/cel_N2_3/pseudoalignments.bam",
                "5_quantification/psirc/samples/cel_N2_3/psirc/cel_N2_3/pseudoalignments.bam.bai",
                "5_quantification/psirc/samples/cel_N2_3/psirc/cel_N2_3/run_info.json",
                "5_quantification/psirc/samples/cel_N2_3/tximeta",
                "5_quantification/psirc/samples/cel_N2_3/tximeta/cel_N2_3.rds",
                "5_quantification/psirc/samples/cel_N2_3/tximport",
                "5_quantification/psirc/samples/cel_N2_3/tximport/cel_N2_3.gene_counts.tsv",
                "5_quantification/psirc/samples/cel_N2_3/tximport/cel_N2_3.gene_counts_length_scaled.tsv",
                "5_quantification/psirc/samples/cel_N2_3/tximport/cel_N2_3.gene_counts_scaled.tsv",
                "5_quantification/psirc/samples/cel_N2_3/tximport/cel_N2_3.gene_lengths.tsv",
                "5_quantification/psirc/samples/cel_N2_3/tximport/cel_N2_3.gene_tpm.tsv",
                "5_quantification/psirc/samples/cel_N2_3/tximport/cel_N2_3.transcript_counts.tsv",
                "5_quantification/psirc/samples/cel_N2_3/tximport/cel_N2_3.transcript_lengths.tsv",
                "5_quantification/psirc/samples/cel_N2_3/tximport/cel_N2_3.transcript_tpm.tsv",
                "5_quantification/psirc/samples/fust1_1",
                "5_quantification/psirc/samples/fust1_1/psirc",
                "5_quantification/psirc/samples/fust1_1/psirc/fust1_1",
                "5_quantification/psirc/samples/fust1_1/psirc/fust1_1/abundance.h5",
                "5_quantification/psirc/samples/fust1_1/psirc/fust1_1/abundance.tsv",
                "5_quantification/psirc/samples/fust1_1/psirc/fust1_1/pseudoalignments.bam",
                "5_quantification/psirc/samples/fust1_1/psirc/fust1_1/pseudoalignments.bam.bai",
                "5_quantification/psirc/samples/fust1_1/psirc/fust1_1/run_info.json",
                "5_quantification/psirc/samples/fust1_1/tximeta",
                "5_quantification/psirc/samples/fust1_1/tximeta/fust1_1.rds",
                "5_quantification/psirc/samples/fust1_1/tximport",
                "5_quantification/psirc/samples/fust1_1/tximport/fust1_1.gene_counts.tsv",
                "5_quantification/psirc/samples/fust1_1/tximport/fust1_1.gene_counts_length_scaled.tsv",
                "5_quantification/psirc/samples/fust1_1/tximport/fust1_1.gene_counts_scaled.tsv",
                "5_quantification/psirc/samples/fust1_1/tximport/fust1_1.gene_lengths.tsv",
                "5_quantification/psirc/samples/fust1_1/tximport/fust1_1.gene_tpm.tsv",
                "5_quantification/psirc/samples/fust1_1/tximport/fust1_1.transcript_counts.tsv",
                "5_quantification/psirc/samples/fust1_1/tximport/fust1_1.transcript_lengths.tsv",
                "5_quantification/psirc/samples/fust1_1/tximport/fust1_1.transcript_tpm.tsv",
                "5_quantification/psirc/samples/fust1_2",
                "5_quantification/psirc/samples/fust1_2/psirc",
                "5_quantification/psirc/samples/fust1_2/psirc/fust1_2",
                "5_quantification/psirc/samples/fust1_2/psirc/fust1_2/abundance.h5",
                "5_quantification/psirc/samples/fust1_2/psirc/fust1_2/abundance.tsv",
                "5_quantification/psirc/samples/fust1_2/psirc/fust1_2/pseudoalignments.bam",
                "5_quantification/psirc/samples/fust1_2/psirc/fust1_2/pseudoalignments.bam.bai",
                "5_quantification/psirc/samples/fust1_2/psirc/fust1_2/run_info.json",
                "5_quantification/psirc/samples/fust1_2/tximeta",
                "5_quantification/psirc/samples/fust1_2/tximeta/fust1_2.rds",
                "5_quantification/psirc/samples/fust1_2/tximport",
                "5_quantification/psirc/samples/fust1_2/tximport/fust1_2.gene_counts.tsv",
                "5_quantification/psirc/samples/fust1_2/tximport/fust1_2.gene_counts_length_scaled.tsv",
                "5_quantification/psirc/samples/fust1_2/tximport/fust1_2.gene_counts_scaled.tsv",
                "5_quantification/psirc/samples/fust1_2/tximport/fust1_2.gene_lengths.tsv",
                "5_quantification/psirc/samples/fust1_2/tximport/fust1_2.gene_tpm.tsv",
                "5_quantification/psirc/samples/fust1_2/tximport/fust1_2.transcript_counts.tsv",
                "5_quantification/psirc/samples/fust1_2/tximport/fust1_2.transcript_lengths.tsv",
                "5_quantification/psirc/samples/fust1_2/tximport/fust1_2.transcript_tpm.tsv",
                "5_quantification/psirc/samples/fust1_3",
                "5_quantification/psirc/samples/fust1_3/psirc",
                "5_quantification/psirc/samples/fust1_3/psirc/fust1_3",
                "5_quantification/psirc/samples/fust1_3/psirc/fust1_3/abundance.h5",
                "5_quantification/psirc/samples/fust1_3/psirc/fust1_3/abundance.tsv",
                "5_quantification/psirc/samples/fust1_3/psirc/fust1_3/pseudoalignments.bam",
                "5_quantification/psirc/samples/fust1_3/psirc/fust1_3/pseudoalignments.bam.bai",
                "5_quantification/psirc/samples/fust1_3/psirc/fust1_3/run_info.json",
                "5_quantification/psirc/samples/fust1_3/tximeta",
                "5_quantification/psirc/samples/fust1_3/tximeta/fust1_3.rds",
                "5_quantification/psirc/samples/fust1_3/tximport",
                "5_quantification/psirc/samples/fust1_3/tximport/fust1_3.gene_counts.tsv",
                "5_quantification/psirc/samples/fust1_3/tximport/fust1_3.gene_counts_length_scaled.tsv",
                "5_quantification/psirc/samples/fust1_3/tximport/fust1_3.gene_counts_scaled.tsv",
                "5_quantification/psirc/samples/fust1_3/tximport/fust1_3.gene_lengths.tsv",
                "5_quantification/psirc/samples/fust1_3/tximport/fust1_3.gene_tpm.tsv",
                "5_quantification/psirc/samples/fust1_3/tximport/fust1_3.transcript_counts.tsv",
                "5_quantification/psirc/samples/fust1_3/tximport/fust1_3.transcript_lengths.tsv",
                "5_quantification/psirc/samples/fust1_3/tximport/fust1_3.transcript_tpm.tsv",
                "5_quantification/psirc/transcriptome",
                "5_quantification/psirc/transcriptome/transcriptome.combined.gtf",
                "5_quantification/psirc/transcriptome/transcriptome.fasta",
                "5_quantification/psirc/transcriptome/transcriptome.filtered.gtf",
                "5_quantification/psirc/transcriptome/transcriptome.tx2gene.tsv",
                "6_mirna_prediction",
                "6_mirna_prediction/binding_sites",
                "6_mirna_prediction/binding_sites/majority_vote",
                "6_mirna_prediction/binding_sites/majority_vote/mirna.majority.tsv",
                "6_mirna_prediction/binding_sites/majority_vote/mirna.targets.tsv",
                "6_mirna_prediction/binding_sites/targets",
                "6_mirna_prediction/binding_sites/targets/batch_1.mirna_targets.txt",
                "6_mirna_prediction/binding_sites/targets/batch_10.mirna_targets.txt",
                "6_mirna_prediction/binding_sites/targets/batch_11.mirna_targets.txt",
                "6_mirna_prediction/binding_sites/targets/batch_12.mirna_targets.txt",
                "6_mirna_prediction/binding_sites/targets/batch_13.mirna_targets.txt",
                "6_mirna_prediction/binding_sites/targets/batch_14.mirna_targets.txt",
                "6_mirna_prediction/binding_sites/targets/batch_15.mirna_targets.txt",
                "6_mirna_prediction/binding_sites/targets/batch_16.mirna_targets.txt",
                "6_mirna_prediction/binding_sites/targets/batch_17.mirna_targets.txt",
                "6_mirna_prediction/binding_sites/targets/batch_18.mirna_targets.txt",
                "6_mirna_prediction/binding_sites/targets/batch_19.mirna_targets.txt",
                "6_mirna_prediction/binding_sites/targets/batch_2.mirna_targets.txt",
                "6_mirna_prediction/binding_sites/targets/batch_20.mirna_targets.txt",
                "6_mirna_prediction/binding_sites/targets/batch_21.mirna_targets.txt",
                "6_mirna_prediction/binding_sites/targets/batch_22.mirna_targets.txt",
                "6_mirna_prediction/binding_sites/targets/batch_23.mirna_targets.txt",
                "6_mirna_prediction/binding_sites/targets/batch_24.mirna_targets.txt",
                "6_mirna_prediction/binding_sites/targets/batch_25.mirna_targets.txt",
                "6_mirna_prediction/binding_sites/targets/batch_26.mirna_targets.txt",
                "6_mirna_prediction/binding_sites/targets/batch_27.mirna_targets.txt",
                "6_mirna_prediction/binding_sites/targets/batch_28.mirna_targets.txt",
                "6_mirna_prediction/binding_sites/targets/batch_29.mirna_targets.txt",
                "6_mirna_prediction/binding_sites/targets/batch_3.mirna_targets.txt",
                "6_mirna_prediction/binding_sites/targets/batch_30.mirna_targets.txt",
                "6_mirna_prediction/binding_sites/targets/batch_31.mirna_targets.txt",
                "6_mirna_prediction/binding_sites/targets/batch_32.mirna_targets.txt",
                "6_mirna_prediction/binding_sites/targets/batch_33.mirna_targets.txt",
                "6_mirna_prediction/binding_sites/targets/batch_34.mirna_targets.txt",
                "6_mirna_prediction/binding_sites/targets/batch_35.mirna_targets.txt",
                "6_mirna_prediction/binding_sites/targets/batch_36.mirna_targets.txt",
                "6_mirna_prediction/binding_sites/targets/batch_37.mirna_targets.txt",
                "6_mirna_prediction/binding_sites/targets/batch_38.mirna_targets.txt",
                "6_mirna_prediction/binding_sites/targets/batch_39.mirna_targets.txt",
                "6_mirna_prediction/binding_sites/targets/batch_4.mirna_targets.txt",
                "6_mirna_prediction/binding_sites/targets/batch_40.mirna_targets.txt",
                "6_mirna_prediction/binding_sites/targets/batch_41.mirna_targets.txt",
                "6_mirna_prediction/binding_sites/targets/batch_42.mirna_targets.txt",
                "6_mirna_prediction/binding_sites/targets/batch_43.mirna_targets.txt",
                "6_mirna_prediction/binding_sites/targets/batch_44.mirna_targets.txt",
                "6_mirna_prediction/binding_sites/targets/batch_45.mirna_targets.txt",
                "6_mirna_prediction/binding_sites/targets/batch_46.mirna_targets.txt",
                "6_mirna_prediction/binding_sites/targets/batch_47.mirna_targets.txt",
                "6_mirna_prediction/binding_sites/targets/batch_48.mirna_targets.txt",
                "6_mirna_prediction/binding_sites/targets/batch_49.mirna_targets.txt",
                "6_mirna_prediction/binding_sites/targets/batch_5.mirna_targets.txt",
                "6_mirna_prediction/binding_sites/targets/batch_50.mirna_targets.txt",
                "6_mirna_prediction/binding_sites/targets/batch_51.mirna_targets.txt",
                "6_mirna_prediction/binding_sites/targets/batch_52.mirna_targets.txt",
                "6_mirna_prediction/binding_sites/targets/batch_53.mirna_targets.txt",
                "6_mirna_prediction/binding_sites/targets/batch_6.mirna_targets.txt",
                "6_mirna_prediction/binding_sites/targets/batch_7.mirna_targets.txt",
                "6_mirna_prediction/binding_sites/targets/batch_8.mirna_targets.txt",
                "6_mirna_prediction/binding_sites/targets/batch_9.mirna_targets.txt",
                "6_mirna_prediction/binding_sites/tools",
                "6_mirna_prediction/binding_sites/tools/miranda",
                "6_mirna_prediction/binding_sites/tools/miranda/output/batch_1.miranda.txt",
                "6_mirna_prediction/binding_sites/tools/miranda/output/batch_10.miranda.txt",
                "6_mirna_prediction/binding_sites/tools/miranda/output/batch_11.miranda.txt",
                "6_mirna_prediction/binding_sites/tools/miranda/output/batch_12.miranda.txt",
                "6_mirna_prediction/binding_sites/tools/miranda/output/batch_13.miranda.txt",
                "6_mirna_prediction/binding_sites/tools/miranda/output/batch_14.miranda.txt",
                "6_mirna_prediction/binding_sites/tools/miranda/output/batch_15.miranda.txt",
                "6_mirna_prediction/binding_sites/tools/miranda/output/batch_16.miranda.txt",
                "6_mirna_prediction/binding_sites/tools/miranda/output/batch_17.miranda.txt",
                "6_mirna_prediction/binding_sites/tools/miranda/output/batch_18.miranda.txt",
                "6_mirna_prediction/binding_sites/tools/miranda/output/batch_19.miranda.txt",
                "6_mirna_prediction/binding_sites/tools/miranda/output/batch_2.miranda.txt",
                "6_mirna_prediction/binding_sites/tools/miranda/output/batch_20.miranda.txt",
                "6_mirna_prediction/binding_sites/tools/miranda/output/batch_21.miranda.txt",
                "6_mirna_prediction/binding_sites/tools/miranda/output/batch_22.miranda.txt",
                "6_mirna_prediction/binding_sites/tools/miranda/output/batch_23.miranda.txt",
                "6_mirna_prediction/binding_sites/tools/miranda/output/batch_24.miranda.txt",
                "6_mirna_prediction/binding_sites/tools/miranda/output/batch_25.miranda.txt",
                "6_mirna_prediction/binding_sites/tools/miranda/output/batch_26.miranda.txt",
                "6_mirna_prediction/binding_sites/tools/miranda/output/batch_27.miranda.txt",
                "6_mirna_prediction/binding_sites/tools/miranda/output/batch_28.miranda.txt",
                "6_mirna_prediction/binding_sites/tools/miranda/output/batch_29.miranda.txt",
                "6_mirna_prediction/binding_sites/tools/miranda/output/batch_3.miranda.txt",
                "6_mirna_prediction/binding_sites/tools/miranda/output/batch_30.miranda.txt",
                "6_mirna_prediction/binding_sites/tools/miranda/output/batch_31.miranda.txt",
                "6_mirna_prediction/binding_sites/tools/miranda/output/batch_32.miranda.txt",
                "6_mirna_prediction/binding_sites/tools/miranda/output/batch_33.miranda.txt",
                "6_mirna_prediction/binding_sites/tools/miranda/output/batch_34.miranda.txt",
                "6_mirna_prediction/binding_sites/tools/miranda/output/batch_35.miranda.txt",
                "6_mirna_prediction/binding_sites/tools/miranda/output/batch_36.miranda.txt",
                "6_mirna_prediction/binding_sites/tools/miranda/output/batch_37.miranda.txt",
                "6_mirna_prediction/binding_sites/tools/miranda/output/batch_38.miranda.txt",
                "6_mirna_prediction/binding_sites/tools/miranda/output/batch_39.miranda.txt",
                "6_mirna_prediction/binding_sites/tools/miranda/output/batch_4.miranda.txt",
                "6_mirna_prediction/binding_sites/tools/miranda/output/batch_40.miranda.txt",
                "6_mirna_prediction/binding_sites/tools/miranda/output/batch_41.miranda.txt",
                "6_mirna_prediction/binding_sites/tools/miranda/output/batch_42.miranda.txt",
                "6_mirna_prediction/binding_sites/tools/miranda/output/batch_43.miranda.txt",
                "6_mirna_prediction/binding_sites/tools/miranda/output/batch_44.miranda.txt",
                "6_mirna_prediction/binding_sites/tools/miranda/output/batch_45.miranda.txt",
                "6_mirna_prediction/binding_sites/tools/miranda/output/batch_46.miranda.txt",
                "6_mirna_prediction/binding_sites/tools/miranda/output/batch_47.miranda.txt",
                "6_mirna_prediction/binding_sites/tools/miranda/output/batch_48.miranda.txt",
                "6_mirna_prediction/binding_sites/tools/miranda/output/batch_49.miranda.txt",
                "6_mirna_prediction/binding_sites/tools/miranda/output/batch_5.miranda.txt",
                "6_mirna_prediction/binding_sites/tools/miranda/output/batch_50.miranda.txt",
                "6_mirna_prediction/binding_sites/tools/miranda/output/batch_51.miranda.txt",
                "6_mirna_prediction/binding_sites/tools/miranda/output/batch_52.miranda.txt",
                "6_mirna_prediction/binding_sites/tools/miranda/output/batch_53.miranda.txt",
                "6_mirna_prediction/binding_sites/tools/miranda/output/batch_6.miranda.txt",
                "6_mirna_prediction/binding_sites/tools/miranda/output/batch_7.miranda.txt",
                "6_mirna_prediction/binding_sites/tools/miranda/output/batch_8.miranda.txt",
                "6_mirna_prediction/binding_sites/tools/miranda/output/batch_9.miranda.txt",
                "6_mirna_prediction/binding_sites/tools/miranda/unified",
                "6_mirna_prediction/binding_sites/tools/miranda/unified/batch_1.miranda.tsv",
                "6_mirna_prediction/binding_sites/tools/miranda/unified/batch_10.miranda.tsv",
                "6_mirna_prediction/binding_sites/tools/miranda/unified/batch_11.miranda.tsv",
                "6_mirna_prediction/binding_sites/tools/miranda/unified/batch_12.miranda.tsv",
                "6_mirna_prediction/binding_sites/tools/miranda/unified/batch_13.miranda.tsv",
                "6_mirna_prediction/binding_sites/tools/miranda/unified/batch_14.miranda.tsv",
                "6_mirna_prediction/binding_sites/tools/miranda/unified/batch_15.miranda.tsv",
                "6_mirna_prediction/binding_sites/tools/miranda/unified/batch_16.miranda.tsv",
                "6_mirna_prediction/binding_sites/tools/miranda/unified/batch_17.miranda.tsv",
                "6_mirna_prediction/binding_sites/tools/miranda/unified/batch_18.miranda.tsv",
                "6_mirna_prediction/binding_sites/tools/miranda/unified/batch_19.miranda.tsv",
                "6_mirna_prediction/binding_sites/tools/miranda/unified/batch_2.miranda.tsv",
                "6_mirna_prediction/binding_sites/tools/miranda/unified/batch_20.miranda.tsv",
                "6_mirna_prediction/binding_sites/tools/miranda/unified/batch_21.miranda.tsv",
                "6_mirna_prediction/binding_sites/tools/miranda/unified/batch_22.miranda.tsv",
                "6_mirna_prediction/binding_sites/tools/miranda/unified/batch_23.miranda.tsv",
                "6_mirna_prediction/binding_sites/tools/miranda/unified/batch_24.miranda.tsv",
                "6_mirna_prediction/binding_sites/tools/miranda/unified/batch_25.miranda.tsv",
                "6_mirna_prediction/binding_sites/tools/miranda/unified/batch_26.miranda.tsv",
                "6_mirna_prediction/binding_sites/tools/miranda/unified/batch_27.miranda.tsv",
                "6_mirna_prediction/binding_sites/tools/miranda/unified/batch_28.miranda.tsv",
                "6_mirna_prediction/binding_sites/tools/miranda/unified/batch_29.miranda.tsv",
                "6_mirna_prediction/binding_sites/tools/miranda/unified/batch_3.miranda.tsv",
                "6_mirna_prediction/binding_sites/tools/miranda/unified/batch_30.miranda.tsv",
                "6_mirna_prediction/binding_sites/tools/miranda/unified/batch_31.miranda.tsv",
                "6_mirna_prediction/binding_sites/tools/miranda/unified/batch_32.miranda.tsv",
                "6_mirna_prediction/binding_sites/tools/miranda/unified/batch_33.miranda.tsv",
                "6_mirna_prediction/binding_sites/tools/miranda/unified/batch_34.miranda.tsv",
                "6_mirna_prediction/binding_sites/tools/miranda/unified/batch_35.miranda.tsv",
                "6_mirna_prediction/binding_sites/tools/miranda/unified/batch_36.miranda.tsv",
                "6_mirna_prediction/binding_sites/tools/miranda/unified/batch_37.miranda.tsv",
                "6_mirna_prediction/binding_sites/tools/miranda/unified/batch_38.miranda.tsv",
                "6_mirna_prediction/binding_sites/tools/miranda/unified/batch_39.miranda.tsv",
                "6_mirna_prediction/binding_sites/tools/miranda/unified/batch_4.miranda.tsv",
                "6_mirna_prediction/binding_sites/tools/miranda/unified/batch_40.miranda.tsv",
                "6_mirna_prediction/binding_sites/tools/miranda/unified/batch_41.miranda.tsv",
                "6_mirna_prediction/binding_sites/tools/miranda/unified/batch_42.miranda.tsv",
                "6_mirna_prediction/binding_sites/tools/miranda/unified/batch_43.miranda.tsv",
                "6_mirna_prediction/binding_sites/tools/miranda/unified/batch_44.miranda.tsv",
                "6_mirna_prediction/binding_sites/tools/miranda/unified/batch_45.miranda.tsv",
                "6_mirna_prediction/binding_sites/tools/miranda/unified/batch_46.miranda.tsv",
                "6_mirna_prediction/binding_sites/tools/miranda/unified/batch_47.miranda.tsv",
                "6_mirna_prediction/binding_sites/tools/miranda/unified/batch_48.miranda.tsv",
                "6_mirna_prediction/binding_sites/tools/miranda/unified/batch_49.miranda.tsv",
                "6_mirna_prediction/binding_sites/tools/miranda/unified/batch_5.miranda.tsv",
                "6_mirna_prediction/binding_sites/tools/miranda/unified/batch_50.miranda.tsv",
                "6_mirna_prediction/binding_sites/tools/miranda/unified/batch_51.miranda.tsv",
                "6_mirna_prediction/binding_sites/tools/miranda/unified/batch_52.miranda.tsv",
                "6_mirna_prediction/binding_sites/tools/miranda/unified/batch_53.miranda.tsv",
                "6_mirna_prediction/binding_sites/tools/miranda/unified/batch_6.miranda.tsv",
                "6_mirna_prediction/binding_sites/tools/miranda/unified/batch_7.miranda.tsv",
                "6_mirna_prediction/binding_sites/tools/miranda/unified/batch_8.miranda.tsv",
                "6_mirna_prediction/binding_sites/tools/miranda/unified/batch_9.miranda.tsv",
                "6_mirna_prediction/binding_sites/tools/targetscan",
                "6_mirna_prediction/binding_sites/tools/targetscan/output/batch_1.targetscan.txt",
                "6_mirna_prediction/binding_sites/tools/targetscan/output/batch_10.targetscan.txt",
                "6_mirna_prediction/binding_sites/tools/targetscan/output/batch_11.targetscan.txt",
                "6_mirna_prediction/binding_sites/tools/targetscan/output/batch_12.targetscan.txt",
                "6_mirna_prediction/binding_sites/tools/targetscan/output/batch_13.targetscan.txt",
                "6_mirna_prediction/binding_sites/tools/targetscan/output/batch_14.targetscan.txt",
                "6_mirna_prediction/binding_sites/tools/targetscan/output/batch_15.targetscan.txt",
                "6_mirna_prediction/binding_sites/tools/targetscan/output/batch_16.targetscan.txt",
                "6_mirna_prediction/binding_sites/tools/targetscan/output/batch_17.targetscan.txt",
                "6_mirna_prediction/binding_sites/tools/targetscan/output/batch_18.targetscan.txt",
                "6_mirna_prediction/binding_sites/tools/targetscan/output/batch_19.targetscan.txt",
                "6_mirna_prediction/binding_sites/tools/targetscan/output/batch_2.targetscan.txt",
                "6_mirna_prediction/binding_sites/tools/targetscan/output/batch_20.targetscan.txt",
                "6_mirna_prediction/binding_sites/tools/targetscan/output/batch_21.targetscan.txt",
                "6_mirna_prediction/binding_sites/tools/targetscan/output/batch_22.targetscan.txt",
                "6_mirna_prediction/binding_sites/tools/targetscan/output/batch_23.targetscan.txt",
                "6_mirna_prediction/binding_sites/tools/targetscan/output/batch_24.targetscan.txt",
                "6_mirna_prediction/binding_sites/tools/targetscan/output/batch_25.targetscan.txt",
                "6_mirna_prediction/binding_sites/tools/targetscan/output/batch_26.targetscan.txt",
                "6_mirna_prediction/binding_sites/tools/targetscan/output/batch_27.targetscan.txt",
                "6_mirna_prediction/binding_sites/tools/targetscan/output/batch_28.targetscan.txt",
                "6_mirna_prediction/binding_sites/tools/targetscan/output/batch_29.targetscan.txt",
                "6_mirna_prediction/binding_sites/tools/targetscan/output/batch_3.targetscan.txt",
                "6_mirna_prediction/binding_sites/tools/targetscan/output/batch_30.targetscan.txt",
                "6_mirna_prediction/binding_sites/tools/targetscan/output/batch_31.targetscan.txt",
                "6_mirna_prediction/binding_sites/tools/targetscan/output/batch_32.targetscan.txt",
                "6_mirna_prediction/binding_sites/tools/targetscan/output/batch_33.targetscan.txt",
                "6_mirna_prediction/binding_sites/tools/targetscan/output/batch_34.targetscan.txt",
                "6_mirna_prediction/binding_sites/tools/targetscan/output/batch_35.targetscan.txt",
                "6_mirna_prediction/binding_sites/tools/targetscan/output/batch_36.targetscan.txt",
                "6_mirna_prediction/binding_sites/tools/targetscan/output/batch_37.targetscan.txt",
                "6_mirna_prediction/binding_sites/tools/targetscan/output/batch_38.targetscan.txt",
                "6_mirna_prediction/binding_sites/tools/targetscan/output/batch_39.targetscan.txt",
                "6_mirna_prediction/binding_sites/tools/targetscan/output/batch_4.targetscan.txt",
                "6_mirna_prediction/binding_sites/tools/targetscan/output/batch_40.targetscan.txt",
                "6_mirna_prediction/binding_sites/tools/targetscan/output/batch_41.targetscan.txt",
                "6_mirna_prediction/binding_sites/tools/targetscan/output/batch_42.targetscan.txt",
                "6_mirna_prediction/binding_sites/tools/targetscan/output/batch_43.targetscan.txt",
                "6_mirna_prediction/binding_sites/tools/targetscan/output/batch_44.targetscan.txt",
                "6_mirna_prediction/binding_sites/tools/targetscan/output/batch_45.targetscan.txt",
                "6_mirna_prediction/binding_sites/tools/targetscan/output/batch_46.targetscan.txt",
                "6_mirna_prediction/binding_sites/tools/targetscan/output/batch_47.targetscan.txt",
                "6_mirna_prediction/binding_sites/tools/targetscan/output/batch_48.targetscan.txt",
                "6_mirna_prediction/binding_sites/tools/targetscan/output/batch_49.targetscan.txt",
                "6_mirna_prediction/binding_sites/tools/targetscan/output/batch_5.targetscan.txt",
                "6_mirna_prediction/binding_sites/tools/targetscan/output/batch_50.targetscan.txt",
                "6_mirna_prediction/binding_sites/tools/targetscan/output/batch_51.targetscan.txt",
                "6_mirna_prediction/binding_sites/tools/targetscan/output/batch_52.targetscan.txt",
                "6_mirna_prediction/binding_sites/tools/targetscan/output/batch_53.targetscan.txt",
                "6_mirna_prediction/binding_sites/tools/targetscan/output/batch_6.targetscan.txt",
                "6_mirna_prediction/binding_sites/tools/targetscan/output/batch_7.targetscan.txt",
                "6_mirna_prediction/binding_sites/tools/targetscan/output/batch_8.targetscan.txt",
                "6_mirna_prediction/binding_sites/tools/targetscan/output/batch_9.targetscan.txt",
                "6_mirna_prediction/binding_sites/tools/targetscan/unified",
                "6_mirna_prediction/binding_sites/tools/targetscan/unified/batch_1.targetscan.tsv",
                "6_mirna_prediction/binding_sites/tools/targetscan/unified/batch_10.targetscan.tsv",
                "6_mirna_prediction/binding_sites/tools/targetscan/unified/batch_11.targetscan.tsv",
                "6_mirna_prediction/binding_sites/tools/targetscan/unified/batch_12.targetscan.tsv",
                "6_mirna_prediction/binding_sites/tools/targetscan/unified/batch_13.targetscan.tsv",
                "6_mirna_prediction/binding_sites/tools/targetscan/unified/batch_14.targetscan.tsv",
                "6_mirna_prediction/binding_sites/tools/targetscan/unified/batch_15.targetscan.tsv",
                "6_mirna_prediction/binding_sites/tools/targetscan/unified/batch_16.targetscan.tsv",
                "6_mirna_prediction/binding_sites/tools/targetscan/unified/batch_17.targetscan.tsv",
                "6_mirna_prediction/binding_sites/tools/targetscan/unified/batch_18.targetscan.tsv",
                "6_mirna_prediction/binding_sites/tools/targetscan/unified/batch_19.targetscan.tsv",
                "6_mirna_prediction/binding_sites/tools/targetscan/unified/batch_2.targetscan.tsv",
                "6_mirna_prediction/binding_sites/tools/targetscan/unified/batch_20.targetscan.tsv",
                "6_mirna_prediction/binding_sites/tools/targetscan/unified/batch_21.targetscan.tsv",
                "6_mirna_prediction/binding_sites/tools/targetscan/unified/batch_22.targetscan.tsv",
                "6_mirna_prediction/binding_sites/tools/targetscan/unified/batch_23.targetscan.tsv",
                "6_mirna_prediction/binding_sites/tools/targetscan/unified/batch_24.targetscan.tsv",
                "6_mirna_prediction/binding_sites/tools/targetscan/unified/batch_25.targetscan.tsv",
                "6_mirna_prediction/binding_sites/tools/targetscan/unified/batch_26.targetscan.tsv",
                "6_mirna_prediction/binding_sites/tools/targetscan/unified/batch_27.targetscan.tsv",
                "6_mirna_prediction/binding_sites/tools/targetscan/unified/batch_28.targetscan.tsv",
                "6_mirna_prediction/binding_sites/tools/targetscan/unified/batch_29.targetscan.tsv",
                "6_mirna_prediction/binding_sites/tools/targetscan/unified/batch_3.targetscan.tsv",
                "6_mirna_prediction/binding_sites/tools/targetscan/unified/batch_30.targetscan.tsv",
                "6_mirna_prediction/binding_sites/tools/targetscan/unified/batch_31.targetscan.tsv",
                "6_mirna_prediction/binding_sites/tools/targetscan/unified/batch_32.targetscan.tsv",
                "6_mirna_prediction/binding_sites/tools/targetscan/unified/batch_33.targetscan.tsv",
                "6_mirna_prediction/binding_sites/tools/targetscan/unified/batch_34.targetscan.tsv",
                "6_mirna_prediction/binding_sites/tools/targetscan/unified/batch_35.targetscan.tsv",
                "6_mirna_prediction/binding_sites/tools/targetscan/unified/batch_36.targetscan.tsv",
                "6_mirna_prediction/binding_sites/tools/targetscan/unified/batch_37.targetscan.tsv",
                "6_mirna_prediction/binding_sites/tools/targetscan/unified/batch_38.targetscan.tsv",
                "6_mirna_prediction/binding_sites/tools/targetscan/unified/batch_39.targetscan.tsv",
                "6_mirna_prediction/binding_sites/tools/targetscan/unified/batch_4.targetscan.tsv",
                "6_mirna_prediction/binding_sites/tools/targetscan/unified/batch_40.targetscan.tsv",
                "6_mirna_prediction/binding_sites/tools/targetscan/unified/batch_41.targetscan.tsv",
                "6_mirna_prediction/binding_sites/tools/targetscan/unified/batch_42.targetscan.tsv",
                "6_mirna_prediction/binding_sites/tools/targetscan/unified/batch_43.targetscan.tsv",
                "6_mirna_prediction/binding_sites/tools/targetscan/unified/batch_44.targetscan.tsv",
                "6_mirna_prediction/binding_sites/tools/targetscan/unified/batch_45.targetscan.tsv",
                "6_mirna_prediction/binding_sites/tools/targetscan/unified/batch_46.targetscan.tsv",
                "6_mirna_prediction/binding_sites/tools/targetscan/unified/batch_47.targetscan.tsv",
                "6_mirna_prediction/binding_sites/tools/targetscan/unified/batch_48.targetscan.tsv",
                "6_mirna_prediction/binding_sites/tools/targetscan/unified/batch_49.targetscan.tsv",
                "6_mirna_prediction/binding_sites/tools/targetscan/unified/batch_5.targetscan.tsv",
                "6_mirna_prediction/binding_sites/tools/targetscan/unified/batch_50.targetscan.tsv",
                "6_mirna_prediction/binding_sites/tools/targetscan/unified/batch_51.targetscan.tsv",
                "6_mirna_prediction/binding_sites/tools/targetscan/unified/batch_52.targetscan.tsv",
                "6_mirna_prediction/binding_sites/tools/targetscan/unified/batch_53.targetscan.tsv",
                "6_mirna_prediction/binding_sites/tools/targetscan/unified/batch_6.targetscan.tsv",
                "6_mirna_prediction/binding_sites/tools/targetscan/unified/batch_7.targetscan.tsv",
                "6_mirna_prediction/binding_sites/tools/targetscan/unified/batch_8.targetscan.tsv",
                "6_mirna_prediction/binding_sites/tools/targetscan/unified/batch_9.targetscan.tsv",
                "6_mirna_prediction/transcriptome.fa",
                "pipeline_info",
                "pipeline_info/nf_core_pipeline_software_mqc_versions.yml"
            ]
        ],
        "timestamp": "2026-03-29T23:43:41.441703332",
        "meta": {
            "nf-test": "0.9.4",
            "nextflow": "25.10.2"
        }
    }
}